Component: ARM Compiler 5.06 update 5 (build 528) Tool: armlink [4d35e2]

==============================================================================

Section Cross References

    main.o(i.main) refers to hal_gpio.o(i.vHal_GPIO_Init) for vHal_GPIO_Init
    main.o(i.main) refers to nrf_bootloader.o(i.nrf_bootloader_init) for nrf_bootloader_init
    main.o(i.main) refers to main.o(i.app_error_handler_bare) for app_error_handler_bare
    main.o(i.main) refers to nrf_bootloader_app_start.o(i.nrf_bootloader_app_start) for nrf_bootloader_app_start
    boards.o(i.bsp_board_led_idx_to_pin) refers to boards.o(.constdata) for .constdata
    boards.o(i.bsp_board_led_invert) refers to boards.o(.constdata) for .constdata
    boards.o(i.bsp_board_led_off) refers to boards.o(i.nrf_gpio_pin_write) for nrf_gpio_pin_write
    boards.o(i.bsp_board_led_off) refers to boards.o(.constdata) for .constdata
    boards.o(i.bsp_board_led_on) refers to boards.o(i.nrf_gpio_pin_write) for nrf_gpio_pin_write
    boards.o(i.bsp_board_led_on) refers to boards.o(.constdata) for .constdata
    boards.o(i.bsp_board_led_state_get) refers to boards.o(.constdata) for .constdata
    boards.o(i.bsp_board_leds_init) refers to boards.o(i.bsp_board_leds_off) for bsp_board_leds_off
    boards.o(i.bsp_board_leds_init) refers to boards.o(.constdata) for .constdata
    boards.o(i.bsp_board_leds_off) refers to boards.o(i.bsp_board_led_off) for bsp_board_led_off
    boards.o(i.bsp_board_leds_on) refers to boards.o(i.bsp_board_led_on) for bsp_board_led_on
    boards.o(i.bsp_board_pin_to_led_idx) refers to boards.o(.constdata) for .constdata
    ble_srv_common.o(i.ble_srv_ascii_to_utf8) refers to strlen.o(.text) for strlen
    ble_srv_common.o(i.characteristic_add) refers to ble_srv_common.o(i.set_security_req) for set_security_req
    ble_srv_common.o(i.characteristic_add) refers to memseta.o(.text) for __aeabi_memclr4
    ble_srv_common.o(i.descriptor_add) refers to memseta.o(.text) for __aeabi_memclr4
    ble_srv_common.o(i.descriptor_add) refers to ble_srv_common.o(i.set_security_req) for set_security_req
    nrf_ble_dfu.o(i.advertising_start) refers to nrf_ble_dfu.o(i.advertising_init) for advertising_init
    nrf_ble_dfu.o(i.advertising_start) refers to nrf_ble_dfu.o(i.nrf_gpio_pin_set) for nrf_gpio_pin_set
    nrf_ble_dfu.o(i.advertising_start) refers to nrf_ble_dfu.o(.constdata) for .constdata
    nrf_ble_dfu.o(i.ble_dfu_init) refers to nrf_ble_dfu.o(i.dfu_pkt_char_add) for dfu_pkt_char_add
    nrf_ble_dfu.o(i.ble_dfu_init) refers to nrf_ble_dfu.o(i.dfu_ctrl_pt_add) for dfu_ctrl_pt_add
    nrf_ble_dfu.o(i.ble_dfu_init) refers to nrf_ble_dfu.o(.data) for .data
    nrf_ble_dfu.o(i.ble_dfu_init) refers to nrf_ble_dfu.o(.constdata) for .constdata
    nrf_ble_dfu.o(i.ble_dfu_transport_close) refers to nrf_ble_dfu.o(i.nrf_delay_us) for nrf_delay_us
    nrf_ble_dfu.o(i.ble_dfu_transport_close) refers to nrf_ble_dfu.o(i.nrf_gpio_pin_set) for nrf_gpio_pin_set
    nrf_ble_dfu.o(i.ble_dfu_transport_close) refers to nrf_ble_dfu.o(.data) for .data
    nrf_ble_dfu.o(i.ble_dfu_transport_init) refers to nrf_ble_dfu.o(i.nrf_gpio_cfg_output) for nrf_gpio_cfg_output
    nrf_ble_dfu.o(i.ble_dfu_transport_init) refers to nrf_ble_dfu.o(i.nrf_gpio_pin_set) for nrf_gpio_pin_set
    nrf_ble_dfu.o(i.ble_dfu_transport_init) refers to nrf_ble_dfu.o(i.ble_stack_init) for ble_stack_init
    nrf_ble_dfu.o(i.ble_dfu_transport_init) refers to nrf_dfu_settings.o(i.nrf_dfu_settings_adv_name_is_valid) for nrf_dfu_settings_adv_name_is_valid
    nrf_ble_dfu.o(i.ble_dfu_transport_init) refers to nrf_dfu_settings.o(i.nrf_dfu_settings_adv_name_copy) for nrf_dfu_settings_adv_name_copy
    nrf_ble_dfu.o(i.ble_dfu_transport_init) refers to nrf_ble_dfu.o(i.gap_params_init) for gap_params_init
    nrf_ble_dfu.o(i.ble_dfu_transport_init) refers to nrf_ble_dfu.o(i.ble_dfu_init) for ble_dfu_init
    nrf_ble_dfu.o(i.ble_dfu_transport_init) refers to nrf_ble_dfu.o(i.advertising_start) for advertising_start
    nrf_ble_dfu.o(i.ble_dfu_transport_init) refers to nrf_ble_dfu.o(.bss) for .bss
    nrf_ble_dfu.o(i.ble_dfu_transport_init) refers to nrf_ble_dfu.o(.data) for .data
    nrf_ble_dfu.o(i.ble_evt_handler) refers to nrf_ble_dfu.o(i.nrf_gpio_pin_set) for nrf_gpio_pin_set
    nrf_ble_dfu.o(i.ble_evt_handler) refers to nrf_ble_dfu.o(i.advertising_start) for advertising_start
    nrf_ble_dfu.o(i.ble_evt_handler) refers to main.o(i.app_error_handler_bare) for app_error_handler_bare
    nrf_ble_dfu.o(i.ble_evt_handler) refers to dfu_req_handling.o(i.nrf_dfu_req_handler_reset_if_dfu_complete) for nrf_dfu_req_handler_reset_if_dfu_complete
    nrf_ble_dfu.o(i.ble_evt_handler) refers to nrf_ble_dfu.o(i.on_rw_authorize_req) for on_rw_authorize_req
    nrf_ble_dfu.o(i.ble_evt_handler) refers to nrf_ble_dfu.o(i.on_ctrl_pt_write) for on_ctrl_pt_write
    nrf_ble_dfu.o(i.ble_evt_handler) refers to nrf_ble_dfu.o(i.on_write) for on_write
[...]
    i.sha256_final                           0x0007cfe4   Section        0  sha256.o(i.sha256_final)
    i.sha256_init                            0x0007d0f4   Section        0  sha256.o(i.sha256_init)
    i.sha256_transform                       0x0007d148   Section        0  sha256.o(i.sha256_transform)
    i.sha256_update                          0x0007d274   Section        0  sha256.o(i.sha256_update)
    i.soc_evt_handler                        0x0007d2c8   Section        0  nrf_drv_clock.o(i.soc_evt_handler)
    soc_evt_handler                          0x0007d2c9   Thumb Code    10  nrf_drv_clock.o(i.soc_evt_handler)
    i.timer_list_handler                     0x0007d2d4   Section        0  app_timer.o(i.timer_list_handler)
    timer_list_handler                       0x0007d2d5   Thumb Code   122  app_timer.o(i.timer_list_handler)
    i.timer_list_insert                      0x0007d354   Section        0  app_timer.o(i.timer_list_insert)
    timer_list_insert                        0x0007d355   Thumb Code    56  app_timer.o(i.timer_list_insert)
    i.timer_list_remove                      0x0007d390   Section        0  app_timer.o(i.timer_list_remove)
    timer_list_remove                        0x0007d391   Thumb Code    88  app_timer.o(i.timer_list_remove)
    i.timer_stop_op_schedule                 0x0007d3f0   Section        0  app_timer.o(i.timer_stop_op_schedule)
    timer_stop_op_schedule                   0x0007d3f1   Thumb Code    68  app_timer.o(i.timer_stop_op_schedule)
    i.timer_timeouts_check                   0x0007d438   Section        0  app_timer.o(i.timer_timeouts_check)
    timer_timeouts_check                     0x0007d439   Thumb Code   106  app_timer.o(i.timer_timeouts_check)
    i.uint32_encode                          0x0007d4ac   Section        0  nrf_ble_dfu.o(i.uint32_encode)
    uint32_encode                            0x0007d4ad   Thumb Code    18  nrf_ble_dfu.o(i.uint32_encode)
    i.uninit                                 0x0007d4be   Section        0  nrf_fstorage_nvmc.o(i.uninit)
    uninit                                   0x0007d4bf   Thumb Code     4  nrf_fstorage_nvmc.o(i.uninit)
    i.uninit                                 0x0007d4c2   Section        0  nrf_fstorage_sd.o(i.uninit)
    uninit                                   0x0007d4c3   Thumb Code     4  nrf_fstorage_sd.o(i.uninit)
    i.user_op_alloc                          0x0007d4c8   Section        0  app_timer.o(i.user_op_alloc)
    user_op_alloc                            0x0007d4c9   Thumb Code    42  app_timer.o(i.user_op_alloc)
    i.vGPIO_OutputCfg                        0x0007d4f8   Section        0  hal_gpio.o(i.vGPIO_OutputCfg)
    vGPIO_OutputCfg                          0x0007d4f9   Thumb Code    20  hal_gpio.o(i.vGPIO_OutputCfg)
    i.vHal_GPIO_Init                         0x0007d50c   Section        0  hal_gpio.o(i.vHal_GPIO_Init)
    i.write                                  0x0007d55c   Section        0  nrf_fstorage_nvmc.o(i.write)
    write                                    0x0007d55d   Thumb Code    54  nrf_fstorage_nvmc.o(i.write)
    i.write                                  0x0007d598   Section        0  nrf_fstorage_sd.o(i.write)
    write                                    0x0007d599   Thumb Code    54  nrf_fstorage_sd.o(i.write)
    .constdata                               0x0007d5d0   Section       40  nrf_ble_dfu.o(.constdata)
    .constdata                               0x0007d5f8   Section        4  nrf_dfu.o(.constdata)
    .constdata                               0x0007d5fc   Section       64  nrf_dfu_mbr.o(.constdata)
    .constdata                               0x0007d63c   Section        4  nrf_dfu_utils.o(.constdata)
    .constdata                               0x0007d640   Section        8  nrf_crypto_sw_hash.o(.constdata)
    .constdata                               0x0007d648   Section        8  nrf_fstorage_nvmc.o(.constdata)
    m_flash_info                             0x0007d648   Data           8  nrf_fstorage_nvmc.o(.constdata)
    .constdata                               0x0007d650   Section       24  nrf_fstorage_nvmc.o(.constdata)
    .constdata                               0x0007d668   Section        8  nrf_fstorage_sd.o(.constdata)
    m_flash_info                             0x0007d668   Data           8  nrf_fstorage_sd.o(.constdata)
    .constdata                               0x0007d670   Section       24  nrf_fstorage_sd.o(.constdata)
    .constdata                               0x0007d688   Section      256  sha256.o(.constdata)
    k                                        0x0007d688   Data         256  sha256.o(.constdata)
    .constdata                               0x0007d788   Section       16  nrf_sdh.o(.constdata)
    sdh_req_observers_array                  0x0007d788   Data          16  nrf_sdh.o(.constdata)
    .constdata                               0x0007d798   Section       40  nrf_sdh.o(.constdata)
    sdh_req_observers                        0x0007d79c   Data          12  nrf_sdh.o(.constdata)
    sdh_state_observers                      0x0007d7a8   Data          12  nrf_sdh.o(.constdata)
    sdh_stack_observers                      0x0007d7b4   Data          12  nrf_sdh.o(.constdata)
    .constdata                               0x0007d7c0   Section       16  nrf_sdh.o(.constdata)
    sdh_state_observers_array                0x0007d7c0   Data          16  nrf_sdh.o(.constdata)
    .constdata                               0x0007d7d0   Section       16  nrf_sdh.o(.constdata)
    sdh_stack_observers_array                0x0007d7d0   Data          16  nrf_sdh.o(.constdata)
    .constdata                               0x0007d7e0   Section       24  nrf_sdh_ble.o(.constdata)
    sdh_ble_observers_array                  0x0007d7e0   Data          24  nrf_sdh_ble.o(.constdata)
    .constdata                               0x0007d7f8   Section       20  nrf_sdh_ble.o(.constdata)
    sdh_ble_observers                        0x0007d800   Data          12  nrf_sdh_ble.o(.constdata)
    .constdata                               0x0007d80c   Section       16  nrf_sdh_soc.o(.constdata)
    sdh_soc_observers_array                  0x0007d80c   Data          16  nrf_sdh_soc.o(.constdata)
    .constdata                               0x0007d81c   Section       12  nrf_sdh_soc.o(.constdata)
    sdh_soc_observers                        0x0007d81c   Data          12  nrf_sdh_soc.o(.constdata)
    .constdata                               0x0007d828   Section       12  dfu_req_handling.o(.constdata)
    m_reset_timer                            0x0007d830   Data           4  dfu_req_handling.o(.constdata)
    .constdata                               0x0007d834   Section        1  dfu-cc.pb.o(.constdata)
    .constdata                               0x0007d838   Section       36  dfu-cc.pb.o(.constdata)
    .constdata                               0x0007d85c   Section      120  dfu-cc.pb.o(.constdata)
    .constdata                               0x0007d8d4   Section       24  dfu-cc.pb.o(.constdata)
    .constdata                               0x0007d8ec   Section       48  dfu-cc.pb.o(.constdata)
    .constdata                               0x0007d91c   Section       48  dfu-cc.pb.o(.constdata)
    .constdata                               0x0007d94c   Section       36  dfu-cc.pb.o(.constdata)
    .constdata                               0x0007d970   Section       64  public_key.o(.constdata)
    .constdata                               0x0007d9b0   Section       36  pb_decode.o(.constdata)
    PB_DECODERS                              0x0007d9b0   Data          36  pb_decode.o(.constdata)
    [Anonymous Symbol]                       0x0007d9d4   Section        0  uECC.c.o(.rodata.curve_secp256r1)
    curve_secp256r1                          0x0007d9d4   Data         176  uECC.c.o(.rodata.curve_secp256r1)
    dfu_trans                                0x0007daa4   Section        8  nrf_ble_dfu.o(dfu_trans)
    __tagsym$$used                           0x0007daa4   Number         0  nrf_ble_dfu.o(dfu_trans)
    sdh_ble_observers2                       0x0007daac   Section        8  nrf_ble_dfu.o(sdh_ble_observers2)
    __tagsym$$used                           0x0007daac   Number         0  nrf_ble_dfu.o(sdh_ble_observers2)
    m_ble_evt_observer                       0x0007daac   Data           8  nrf_ble_dfu.o(sdh_ble_observers2)
    sdh_req_observers0                       0x0007dab4   Section        8  nrf_fstorage_sd.o(sdh_req_observers0)
    __tagsym$$used                           0x0007dab4   Number         0  nrf_fstorage_sd.o(sdh_req_observers0)
    sdh_soc_observers0                       0x0007dabc   Section        8  nrf_drv_clock.o(sdh_soc_observers0)
    __tagsym$$used                           0x0007dabc   Number         0  nrf_drv_clock.o(sdh_soc_observers0)
    m_soc_evt_observer                       0x0007dabc   Data           8  nrf_drv_clock.o(sdh_soc_observers0)
    sdh_soc_observers0                       0x0007dac4   Section        8  nrf_fstorage_sd.o(sdh_soc_observers0)
    __tagsym$$used                           0x0007dac4   Number         0  nrf_fstorage_sd.o(sdh_soc_observers0)
    m_sys_obs                                0x0007dac4   Data           8  nrf_fstorage_sd.o(sdh_soc_observers0)
    sdh_stack_observers0                     0x0007dacc   Section        8  nrf_sdh_ble.o(sdh_stack_observers0)
    __tagsym$$used                           0x0007dacc   Number         0  nrf_sdh_ble.o(sdh_stack_observers0)
    m_nrf_sdh_ble_evts_poll                  0x0007dacc   Data           8  nrf_sdh_ble.o(sdh_stack_observers0)
    sdh_stack_observers0                     0x0007dad4   Section        8  nrf_sdh_soc.o(sdh_stack_observers0)
    __tagsym$$used                           0x0007dad4   Number         0  nrf_sdh_soc.o(sdh_stack_observers0)
    m_nrf_sdh_soc_evts_poll                  0x0007dad4   Data           8  nrf_sdh_soc.o(sdh_stack_observers0)
    sdh_state_observers0                     0x0007dadc   Section        8  nrf_drv_clock.o(sdh_state_observers0)
    __tagsym$$used                           0x0007dadc   Number         0  nrf_drv_clock.o(sdh_state_observers0)
    m_sd_state_observer                      0x0007dadc   Data           8  nrf_drv_clock.o(sdh_state_observers0)
    sdh_state_observers0                     0x0007dae4   Section        8  nrf_fstorage_sd.o(sdh_state_observers0)
    __tagsym$$used                           0x0007dae4   Number         0  nrf_fstorage_sd.o(sdh_state_observers0)
    m_state_obs                              0x0007dae4   Data           8  nrf_fstorage_sd.o(sdh_state_observers0)
    svc_data                                 0x0007daec   Section       12  nrf_dfu_svci_handler.o(svc_data)
    __tagsym$$used                           0x0007daec   Number         0  nrf_dfu_svci_handler.o(svc_data)
    .ARM.__AT_0x0007E000                     0x0007e000   Section     4096  nrf_dfu_settings.o(.ARM.__AT_0x0007E000)
    __tagsym$$used                           0x0007e000   Number         0  nrf_dfu_settings.o(.ARM.__AT_0x0007E000)
    .ARM.__AT_0x0007F000                     0x0007f000   Section     4096  nrf_dfu_settings.o(.ARM.__AT_0x0007F000)
    __tagsym$$used                           0x0007f000   Number         0  nrf_dfu_settings.o(.ARM.__AT_0x0007F000)
    .ARM.__AT_0x10001014                     0x10001014   Section        4  nrf_bootloader_info.o(.ARM.__AT_0x10001014)
    .ARM.__AT_0x10001018                     0x10001018   Section        4  nrf_dfu_settings.o(.ARM.__AT_0x10001018)
    .data                                    0x20002180   Section       12  nrf_ble_dfu.o(.data)
    m_conn_handle                            0x20002180   Data           2  nrf_ble_dfu.o(.data)
    m_pkt_notif_target                       0x20002182   Data           2  nrf_ble_dfu.o(.data)
    m_pkt_notif_target_cnt                   0x20002184   Data           2  nrf_ble_dfu.o(.data)
    m_flags                                  0x20002188   Data           4  nrf_ble_dfu.o(.data)
    .data                                    0x2000218c   Section        4  nrf_dfu_flash.o(.data)
    m_flash_operations_pending               0x2000218c   Data           4  nrf_dfu_flash.o(.data)
    .data                                    0x20002190   Section        1  nrf_dfu_handling_error.o(.data)
    m_last_error                             0x20002190   Data           1  nrf_dfu_handling_error.o(.data)
    .data                                    0x20002194   Section       16  app_scheduler.o(.data)
    m_queue_start_index                      0x20002194   Data           1  app_scheduler.o(.data)
    m_queue_end_index                        0x20002195   Data           1  app_scheduler.o(.data)
    m_queue_event_size                       0x20002196   Data           2  app_scheduler.o(.data)
    m_queue_size                             0x20002198   Data           2  app_scheduler.o(.data)
    m_queue_event_headers                    0x2000219c   Data           4  app_scheduler.o(.data)
    m_queue_event_data                       0x200021a0   Data           4  app_scheduler.o(.data)
    .data                                    0x200021a4   Section       20  app_timer.o(.data)
    m_ticks_elapsed_q_read_ind               0x200021a4   Data           1  app_timer.o(.data)
    m_ticks_elapsed_q_write_ind              0x200021a5   Data           1  app_timer.o(.data)
    m_rtc1_running                           0x200021a6   Data           1  app_timer.o(.data)
    m_rtc1_reset                             0x200021a7   Data           1  app_timer.o(.data)
    mp_timer_id_head                         0x200021a8   Data           4  app_timer.o(.data)
    m_ticks_latest                           0x200021ac   Data           4  app_timer.o(.data)
    m_ticks_elapsed                          0x200021b0   Data           8  app_timer.o(.data)
    .data                                    0x200021b8   Section        2  nrf_fstorage_nvmc.o(.data)
    m_flags                                  0x200021b8   Data           2  nrf_fstorage_nvmc.o(.data)
    .data                                    0x200021bc   Section        8  nrf_fstorage_sd.o(.data)
    m_flags                                  0x200021bc   Data           4  nrf_fstorage_sd.o(.data)
    m_retry_cnt                              0x200021c0   Data           4  nrf_fstorage_sd.o(.data)
    .data                                    0x200021c4   Section        3  nrf_sdh.o(.data)
    m_nrf_sdh_enabled                        0x200021c4   Data           1  nrf_sdh.o(.data)
    m_nrf_sdh_suspended                      0x200021c5   Data           1  nrf_sdh.o(.data)
    m_nrf_sdh_continue                       0x200021c6   Data           1  nrf_sdh.o(.data)
    .data                                    0x200021c8   Section       56  dfu_req_handling.o(.data)
    timer_started                            0x200021c8   Data           1  dfu_req_handling.o(.data)
    cur_obj_type                             0x200021c9   Data           1  dfu_req_handling.o(.data)
    m_current_data_buffer                    0x200021ca   Data           1  dfu_req_handling.o(.data)
    m_valid_init_packet_present              0x200021cb   Data           1  dfu_req_handling.o(.data)
    m_is_dfu_complete_response_sent          0x200021cc   Data           1  dfu_req_handling.o(.data)
    m_dfu_last_settings_write_started        0x200021cd   Data           1  dfu_req_handling.o(.data)
    m_data_buf_pos                           0x200021ce   Data           2  dfu_req_handling.o(.data)
    m_firmware_start_addr                    0x200021d0   Data           4  dfu_req_handling.o(.data)
    m_firmware_size_req                      0x200021d4   Data           4  dfu_req_handling.o(.data)
    init_packet_data                         0x200021d8   Data           8  dfu_req_handling.o(.data)
    crypto_key_pk                            0x200021e0   Data           8  dfu_req_handling.o(.data)
    crypto_sig                               0x200021e8   Data           8  dfu_req_handling.o(.data)
    init_packet_hash                         0x200021f0   Data           8  dfu_req_handling.o(.data)
    fw_hash                                  0x200021f8   Data           8  dfu_req_handling.o(.data)
    .data                                    0x20002200   Section        4  system_nrf52.o(.data)
    __tagsym$$used                           0x20002200   Number         0  system_nrf52.o(.data)
    fs_data                                  0x20002204   Section       20  nrf_dfu_flash.o(fs_data)
    __tagsym$$used                           0x20002204   Number         0  nrf_dfu_flash.o(fs_data)
    .bss                                     0x20002218   Section       68  nrf_ble_dfu.o(.bss)
    m_dfu                                    0x20002218   Data          20  nrf_ble_dfu.o(.bss)
    m_notif_buffer                           0x2000222c   Data          17  nrf_ble_dfu.o(.bss)
    m_adv_name                               0x20002240   Data          28  nrf_ble_dfu.o(.bss)
    .bss                                     0x2000225c   Section       32  nrf_dfu.o(.bss)
    nrf_dfu_inactivity_timeout_timer         0x2000225c   Data          32  nrf_dfu.o(.bss)
    .bss                                     0x2000227c   Section      272  nrf_dfu.o(.bss)
    APP_SCHED_BUF                            0x2000227c   Data         272  nrf_dfu.o(.bss)
    .bss                                     0x2000238c   Section      880  nrf_dfu_settings.o(.bss)
    temp_dfu_settings                        0x2000238c   Data         440  nrf_dfu_settings.o(.bss)
    .bss                                     0x200026fc   Section       32  nrf_dfu_utils.o(.bss)
    nrf_dfu_post_sd_bl_timeout_timer         0x200026fc   Data          32  nrf_dfu_utils.o(.bss)
    .bss                                     0x2000271c   Section       20  nrf_drv_clock.o(.bss)
    m_clock_cb                               0x2000271c   Data          20  nrf_drv_clock.o(.bss)
    .bss                                     0x20002730   Section      268  app_timer.o(.bss)
    m_op_queue                               0x20002730   Data         268  app_timer.o(.bss)
    .bss                                     0x2000283c   Section       12  app_util_platform.o(.bss)
    .bss                                     0x20002848   Section      232  nrf_fstorage_sd.o(.bss)
    m_queue                                  0x20002848   Data         232  nrf_fstorage_sd.o(.bss)
    .bss                                     0x20002930   Section      828  dfu_req_handling.o(.bss)
    packet                                   0x20002930   Data         300  dfu_req_handling.o(.bss)
    m_data_buf                               0x20002a5c   Data         512  dfu_req_handling.o(.bss)
    stream                                   0x20002c5c   Data          16  dfu_req_handling.o(.bss)
    .bss                                     0x20002c6c   Section       32  dfu_req_handling.o(.bss)
    m_reset_timer_data                       0x20002c6c   Data          32  dfu_req_handling.o(.bss)
    .bss                                     0x20002c8c   Section       64  dfu_req_handling.o(.bss)
    crypto_sig_buffer                        0x20002c8c   Data          64  dfu_req_handling.o(.bss)
    .bss                                     0x20002ccc   Section       32  dfu_req_handling.o(.bss)
    init_packet_hash_buffer                  0x20002ccc   Data          32  dfu_req_handling.o(.bss)
    .bss                                     0x20002cec   Section       32  dfu_req_handling.o(.bss)
    fw_hash_buffer                           0x20002cec   Data          32  dfu_req_handling.o(.bss)
    STACK                                    0x20002d10   Section     8192  arm_startup_nrf52.o(STACK)

    Global Symbols

    Symbol Name                              Value     Ov Type        Size  Object(Section)

    BuildAttributes$$THM_ISAv4$E$P$D$K$B$S$7EM$VFPi3$EXTD16$VFPS$VFMA$PE$A:L22UL41UL21$X:L11$S22US41US21$IEEE1$IW$USESV6$~STKCKD$USESV7$~SHL$OSPACE$IEEEX$EBA8$MICROLIB$REQ8$PRES8$EABIv2 0x00000000   Number         0  anon$$obj.o ABSOLUTE
    __ARM_use_no_argv                        0x00000000   Number         0  main.o ABSOLUTE
    __cpp_initialize__aeabi_                  - Undefined Weak Reference
    __cxa_finalize                            - Undefined Weak Reference
    __decompress                              - Undefined Weak Reference
    _clock_init                               - Undefined Weak Reference
    _microlib_exit                            - Undefined Weak Reference
    sdh_ble_observers0$$Base                  - Undefined Reference
    sdh_ble_observers0$$Limit                 - Undefined Reference
    sdh_ble_observers1$$Base                  - Undefined Reference
    sdh_ble_observers1$$Limit                 - Undefined Reference
    sdh_req_observers1$$Base                  - Undefined Reference
    sdh_req_observers1$$Limit                 - Undefined Reference
    sdh_soc_observers1$$Base                  - Undefined Reference
    sdh_soc_observers1$$Limit                 - Undefined Reference
    sdh_stack_observers1$$Base                - Undefined Reference
    sdh_stack_observers1$$Limit               - Undefined Reference
    sdh_state_observers1$$Base                - Undefined Reference
    sdh_state_observers1$$Limit               - Undefined Reference
    __Vectors_Size                           0x00000200   Number         0  arm_startup_nrf52.o ABSOLUTE
    Image$$ER_IROM1$$Base                    0x00078000   Number         0  anon$$obj.o ABSOLUTE
    __Vectors                                0x00078000   Data           4  arm_startup_nrf52.o(RESET)
    __Vectors_End                            0x00078200   Data           0  arm_startup_nrf52.o(RESET)
    __main                                   0x00078201   Thumb Code     0  entry.o(.ARM.Collect$$$$00000000)
    _main_stk                                0x00078201   Thumb Code     0  entry2.o(.ARM.Collect$$$$00000001)
    _main_scatterload                        0x00078205   Thumb Code     0  entry5.o(.ARM.Collect$$$$00000004)
    __main_after_scatterload                 0x00078209   Thumb Code     0  entry5.o(.ARM.Collect$$$$00000004)
    _main_clock                              0x00078209   Thumb Code     0  entry7b.o(.ARM.Collect$$$$00000008)
    _main_cpp_init                           0x00078209   Thumb Code     0  entry8b.o(.ARM.Collect$$$$0000000A)
    _main_init                               0x00078209   Thumb Code     0  entry9a.o(.ARM.Collect$$$$0000000B)
    __rt_final_cpp                           0x00078211   Thumb Code     0  entry10a.o(.ARM.Collect$$$$0000000D)
    __rt_final_exit                          0x00078211   Thumb Code     0  entry11a.o(.ARM.Collect$$$$0000000F)
    nrf_bootloader_app_start_impl            0x00078215   Thumb Code    64  nrf_bootloader_app_start_asm.o(.emb_text)
    SVC_Handler                              0x00078255   Thumb Code    20  nrf_svc_handler.o(.emb_text)
    Reset_Handler                            0x00078269   Thumb Code     8  arm_startup_nrf52.o(.text)
    NMI_Handler                              0x00078271   Thumb Code     2  arm_startup_nrf52.o(.text)
    HardFault_Handler                        0x00078273   Thumb Code     2  arm_startup_nrf52.o(.text)
    MemoryManagement_Handler                 0x00078275   Thumb Code     2  arm_startup_nrf52.o(.text)
    BusFault_Handler                         0x00078277   Thumb Code     2  arm_startup_nrf52.o(.text)
    UsageFault_Handler                       0x00078279   Thumb Code     2  arm_startup_nrf52.o(.text)
    DebugMon_Handler                         0x0007827d   Thumb Code     2  arm_startup_nrf52.o(.text)
    PendSV_Handler                           0x0007827f   Thumb Code     2  arm_startup_nrf52.o(.text)
    SysTick_Handler                          0x00078281   Thumb Code     2  arm_startup_nrf52.o(.text)
    CCM_AAR_IRQHandler                       0x00078283   Thumb Code     0  arm_startup_nrf52.o(.text)
    COMP_LPCOMP_IRQHandler                   0x00078283   Thumb Code     0  arm_startup_nrf52.o(.text)
    ECB_IRQHandler                           0x00078283   Thumb Code     0  arm_startup_nrf52.o(.text)
    FPU_IRQHandler                           0x00078283   Thumb Code     0  arm_startup_nrf52.o(.text)
    GPIOTE_IRQHandler                        0x00078283   Thumb Code     0  arm_startup_nrf52.o(.text)
    I2S_IRQHandler                           0x00078283   Thumb Code     0  arm_startup_nrf52.o(.text)
    MWU_IRQHandler                           0x00078283   Thumb Code     0  arm_startup_nrf52.o(.text)
    NFCT_IRQHandler                          0x00078283   Thumb Code     0  arm_startup_nrf52.o(.text)
    PDM_IRQHandler                           0x00078283   Thumb Code     0  arm_startup_nrf52.o(.text)
    PWM0_IRQHandler                          0x00078283   Thumb Code     0  arm_startup_nrf52.o(.text)
    PWM1_IRQHandler                          0x00078283   Thumb Code     0  arm_startup_nrf52.o(.text)
    PWM2_IRQHandler                          0x00078283   Thumb Code     0  arm_startup_nrf52.o(.text)
    QDEC_IRQHandler                          0x00078283   Thumb Code     0  arm_startup_nrf52.o(.text)
    RADIO_IRQHandler                         0x00078283   Thumb Code     0  arm_startup_nrf52.o(.text)
    RNG_IRQHandler                           0x00078283   Thumb Code     0  arm_startup_nrf52.o(.text)
    RTC0_IRQHandler                          0x00078283   Thumb Code     0  arm_startup_nrf52.o(.text)
    RTC2_IRQHandler                          0x00078283   Thumb Code     0  arm_startup_nrf52.o(.text)
    SAADC_IRQHandler                         0x00078283   Thumb Code     0  arm_startup_nrf52.o(.text)
    SPIM0_SPIS0_TWIM0_TWIS0_SPI0_TWI0_IRQHandler 0x00078283   Thumb Code     0  arm_startup_nrf52.o(.text)
    SPIM1_SPIS1_TWIM1_TWIS1_SPI1_TWI1_IRQHandler 0x00078283   Thumb Code     0  arm_startup_nrf52.o(.text)
    SPIM2_SPIS2_SPI2_IRQHandler              0x00078283   Thumb Code     0  arm_startup_nrf52.o(.text)
    SWI1_EGU1_IRQHandler                     0x00078283   Thumb Code     0  arm_startup_nrf52.o(.text)
    SWI3_EGU3_IRQHandler                     0x00078283   Thumb Code     0  arm_startup_nrf52.o(.text)
    SWI4_EGU4_IRQHandler                     0x00078283   Thumb Code     0  arm_startup_nrf52.o(.text)
    SWI5_EGU5_IRQHandler                     0x00078283   Thumb Code     0  arm_startup_nrf52.o(.text)
    TEMP_IRQHandler                          0x00078283   Thumb Code     0  arm_startup_nrf52.o(.text)
    TIMER0_IRQHandler                        0x00078283   Thumb Code     0  arm_startup_nrf52.o(.text)
    TIMER1_IRQHandler                        0x00078283   Thumb Code     0  arm_startup_nrf52.o(.text)
    TIMER2_IRQHandler                        0x00078283   Thumb Code     0  arm_startup_nrf52.o(.text)
    TIMER3_IRQHandler                        0x00078283   Thumb Code     0  arm_startup_nrf52.o(.text)
    TIMER4_IRQHandler                        0x00078283   Thumb Code     0  arm_startup_nrf52.o(.text)
    UARTE0_UART0_IRQHandler                  0x00078283   Thumb Code     0  arm_startup_nrf52.o(.text)
    WDT_IRQHandler                           0x00078283   Thumb Code     0  arm_startup_nrf52.o(.text)
    __aeabi_llsl                             0x0007828d   Thumb Code    30  llshl.o(.text)
    _ll_shift_l                              0x0007828d   Thumb Code     0  llshl.o(.text)
    __aeabi_memcpy                           0x000782ab   Thumb Code    36  memcpya.o(.text)
    __aeabi_memcpy4                          0x000782ab   Thumb Code     0  memcpya.o(.text)
    __aeabi_memcpy8                          0x000782ab   Thumb Code     0  memcpya.o(.text)
    __aeabi_memset                           0x000782cf   Thumb Code    14  memseta.o(.text)
    __aeabi_memset4                          0x000782cf   Thumb Code     0  memseta.o(.text)
    __aeabi_memset8                          0x000782cf   Thumb Code     0  memseta.o(.text)
    __aeabi_memclr                           0x000782dd   Thumb Code     4  memseta.o(.text)
    __aeabi_memclr4                          0x000782dd   Thumb Code     0  memseta.o(.text)
    __aeabi_memclr8                          0x000782dd   Thumb Code     0  memseta.o(.text)
    memset                                   0x000782e1   Thumb Code    18  memseta.o(.text)
    memcmp                                   0x000782f3   Thumb Code    26  memcmp.o(.text)
    __scatterload                            0x0007830d   Thumb Code    28  init.o(.text)
    __scatterload_rt2                        0x0007830d   Thumb Code     0  init.o(.text)
    uECC_secp256r1                           0x00078621   Thumb Code     8  uECC.c.o(.text.uECC_secp256r1)
    uECC_verify                              0x00078629   Thumb Code   724  uECC.c.o(.text.uECC_verify)
    uECC_vli_add                             0x00078901   Thumb Code    88  uECC.c.o(.text.uECC_vli_add)
    uECC_vli_clear                           0x00078959   Thumb Code    24  uECC.c.o(.text.uECC_vli_clear)
    uECC_vli_equal                           0x0007899b   Thumb Code    42  uECC.c.o(.text.uECC_vli_equal)
    uECC_vli_isZero                          0x000789c5   Thumb Code    30  uECC.c.o(.text.uECC_vli_isZero)
    uECC_vli_mmod                            0x000789e5   Thumb Code   316  uECC.c.o(.text.uECC_vli_mmod)
    uECC_vli_modAdd                          0x00078b21   Thumb Code    50  uECC.c.o(.text.uECC_vli_modAdd)
    uECC_vli_modInv                          0x00078b53   Thumb Code   268  uECC.c.o(.text.uECC_vli_modInv)
    uECC_vli_modMult                         0x00078c5f   Thumb Code    36  uECC.c.o(.text.uECC_vli_modMult)
    uECC_vli_modMult_fast                    0x00078c83   Thumb Code    32  uECC.c.o(.text.uECC_vli_modMult_fast)
    uECC_vli_modSquare_fast                  0x00078ca3   Thumb Code    32  uECC.c.o(.text.uECC_vli_modSquare_fast)
    uECC_vli_modSub                          0x00078cc3   Thumb Code    36  uECC.c.o(.text.uECC_vli_modSub)
    uECC_vli_mult                            0x00078ce7   Thumb Code   786  uECC.c.o(.text.uECC_vli_mult)
    uECC_vli_numBits                         0x00078ff9   Thumb Code    68  uECC.c.o(.text.uECC_vli_numBits)
    uECC_vli_rshift1                         0x0007903d   Thumb Code    26  uECC.c.o(.text.uECC_vli_rshift1)
    uECC_vli_set                             0x00079057   Thumb Code    26  uECC.c.o(.text.uECC_vli_set)
    uECC_vli_square                          0x00079071   Thumb Code   652  uECC.c.o(.text.uECC_vli_square)
    uECC_vli_sub                             0x00079301   Thumb Code    94  uECC.c.o(.text.uECC_vli_sub)
    uECC_vli_testBit                         0x00079361   Thumb Code    18  uECC.c.o(.text.uECC_vli_testBit)
    POWER_CLOCK_IRQHandler                   0x000795b9   Thumb Code    84  nrf_drv_clock.o(i.POWER_CLOCK_IRQHandler)
    RTC1_IRQHandler                          0x00079611   Thumb Code    32  app_timer.o(i.RTC1_IRQHandler)
    SWI0_EGU0_IRQHandler                     0x00079635   Thumb Code     4  app_timer.o(i.SWI0_EGU0_IRQHandler)
    SWI2_EGU2_IRQHandler                     0x00079639   Thumb Code    26  nrf_sdh.o(i.SWI2_EGU2_IRQHandler)
    SystemInit                               0x00079659   Thumb Code   714  system_nrf52.o(i.SystemInit)
    __scatterload_copy                       0x000799d7   Thumb Code    14  handlers.o(i.__scatterload_copy)
    __scatterload_null                       0x000799e5   Thumb Code     2  handlers.o(i.__scatterload_null)
    __scatterload_zeroinit                   0x000799e7   Thumb Code    14  handlers.o(i.__scatterload_zeroinit)
    app_error_fault_handler                  0x00079ae9   Thumb Code    38  app_error_weak.o(i.app_error_fault_handler)
    app_error_handler_bare                   0x00079b19   Thumb Code    26  main.o(i.app_error_handler_bare)
    app_sched_event_put                      0x00079b3d   Thumb Code   154  app_scheduler.o(i.app_sched_event_put)
    app_sched_execute                        0x00079bdd   Thumb Code    58  app_scheduler.o(i.app_sched_execute)
    app_sched_init                           0x00079c1d   Thumb Code    40  app_scheduler.o(i.app_sched_init)
    app_timer_create                         0x00079c49   Thumb Code    32  app_timer.o(i.app_timer_create)
    app_timer_init                           0x00079c6d   Thumb Code    70  app_timer.o(i.app_timer_init)
    app_timer_start                          0x00079cc1   Thumb Code   128  app_timer.o(i.app_timer_start)
    app_timer_stop                           0x00079d49   Thumb Code    26  app_timer.o(i.app_timer_stop)
    app_util_critical_region_enter           0x00079d69   Thumb Code    64  app_util_platform.o(i.app_util_critical_region_enter)
    app_util_critical_region_exit            0x00079db1   Thumb Code    46  app_util_platform.o(i.app_util_critical_region_exit)
    ble_dfu_init                             0x00079de9   Thumb Code    92  nrf_ble_dfu.o(i.ble_dfu_init)
    ble_dfu_transport_close                  0x00079e4d   Thumb Code    54  nrf_ble_dfu.o(i.ble_dfu_transport_close)
    ble_dfu_transport_init                   0x00079e8d   Thumb Code    88  nrf_ble_dfu.o(i.ble_dfu_transport_init)
    ble_srv_is_notification_enabled          0x0007a041   Thumb Code     8  ble_srv_common.o(i.ble_srv_is_notification_enabled)
    crc32_compute                            0x0007a199   Thumb Code    54  crc32.o(i.crc32_compute)
    dfu_fstorage_evt_handler                 0x0007a425   Thumb Code    22  nrf_dfu_flash.o(i.dfu_fstorage_evt_handler)
    ext_error_get                            0x0007a7a5   Thumb Code    10  nrf_dfu_handling_error.o(i.ext_error_get)
    ext_error_set                            0x0007a7b5   Thumb Code     8  nrf_dfu_handling_error.o(i.ext_error_set)
    main                                     0x0007aa81   Thumb Code    30  main.o(i.main)
    nrf_bootloader_app_start                 0x0007aa9f   Thumb Code    46  nrf_bootloader_app_start.o(i.nrf_bootloader_app_start)
    nrf_bootloader_init                      0x0007aacd   Thumb Code    16  nrf_bootloader.o(i.nrf_bootloader_init)
    nrf_crypto_ecdsa_sizes_get               0x0007ab19   Thumb Code   120  nrf_crypto_ecdsa.o(i.nrf_crypto_ecdsa_sizes_get)
    nrf_crypto_ecdsa_verify_hash             0x0007ab91   Thumb Code   146  micro_ecc_lib_ecdsa.o(i.nrf_crypto_ecdsa_verify_hash)
    nrf_crypto_hash_compute                  0x0007ac25   Thumb Code   110  nrf_crypto_sw_hash.o(i.nrf_crypto_hash_compute)
    nrf_crypto_hash_finalize                 0x0007ac99   Thumb Code    70  nrf_crypto_sw_hash.o(i.nrf_crypto_hash_finalize)
    nrf_crypto_hash_init                     0x0007acdf   Thumb Code    40  nrf_crypto_sw_hash.o(i.nrf_crypto_hash_init)
    nrf_crypto_hash_size_get                 0x0007ad07   Thumb Code    46  nrf_crypto_hash.o(i.nrf_crypto_hash_size_get)
    nrf_crypto_hash_update                   0x0007ad35   Thumb Code    24  nrf_crypto_sw_hash.o(i.nrf_crypto_hash_update)
    nrf_dfu_app_is_valid                     0x0007af01   Thumb Code    42  nrf_dfu_utils.o(i.nrf_dfu_app_is_valid)
    nrf_dfu_button_enter_check               0x0007af75   Thumb Code     4  main.o(i.nrf_dfu_button_enter_check)
    nrf_dfu_continue                         0x0007b0a5   Thumb Code    46  nrf_dfu_utils.o(i.nrf_dfu_continue)
    nrf_dfu_enter_check                      0x0007b385   Thumb Code    50  nrf_dfu.o(i.nrf_dfu_enter_check)
    nrf_dfu_find_cache                       0x0007b3c1   Thumb Code   108  nrf_dfu_utils.o(i.nrf_dfu_find_cache)
    nrf_dfu_flash_erase                      0x0007b431   Thumb Code    24  nrf_dfu_flash.o(i.nrf_dfu_flash_erase)
    nrf_dfu_flash_init                       0x0007b451   Thumb Code    16  nrf_dfu_flash.o(i.nrf_dfu_flash_init)
    nrf_dfu_flash_store                      0x0007b46d   Thumb Code    26  nrf_dfu_flash.o(i.nrf_dfu_flash_store)
    nrf_dfu_init                             0x0007b491   Thumb Code   188  nrf_dfu.o(i.nrf_dfu_init)
    nrf_dfu_init_user                        0x0007b561   Thumb Code     4  nrf_bootloader.o(i.nrf_dfu_init_user)
    nrf_dfu_mbr_compare                      0x0007b57d   Thumb Code    24  nrf_dfu_mbr.o(i.nrf_dfu_mbr_compare)
    nrf_dfu_mbr_copy_bl                      0x0007b599   Thumb Code    22  nrf_dfu_mbr.o(i.nrf_dfu_mbr_copy_bl)
    nrf_dfu_mbr_copy_sd                      0x0007b5b1   Thumb Code    32  nrf_dfu_mbr.o(i.nrf_dfu_mbr_copy_sd)
    nrf_dfu_mbr_init_sd                      0x0007b5d5   Thumb Code    18  nrf_dfu_mbr.o(i.nrf_dfu_mbr_init_sd)
    nrf_dfu_req_handler_init                 0x0007b78d   Thumb Code    74  dfu_req_handling.o(i.nrf_dfu_req_handler_init)
    nrf_dfu_req_handler_on_req               0x0007b7e1   Thumb Code    58  dfu_req_handling.o(i.nrf_dfu_req_handler_on_req)
    nrf_dfu_req_handler_reset_if_dfu_complete 0x0007b821   Thumb Code    14  dfu_req_handling.o(i.nrf_dfu_req_handler_reset_if_dfu_complete)
    nrf_dfu_reset_timeout_handler            0x0007b835   Thumb Code    26  nrf_dfu_utils.o(i.nrf_dfu_reset_timeout_handler)
    nrf_dfu_settings_additional_erase        0x0007b95d   Thumb Code    46  nrf_dfu_settings.o(i.nrf_dfu_settings_additional_erase)
    nrf_dfu_settings_adv_name_copy           0x0007b991   Thumb Code    20  nrf_dfu_settings.o(i.nrf_dfu_settings_adv_name_copy)
    nrf_dfu_settings_adv_name_is_valid       0x0007b9a9   Thumb Code    28  nrf_dfu_settings.o(i.nrf_dfu_settings_adv_name_is_valid)
    nrf_dfu_settings_adv_name_write          0x0007b9c9   Thumb Code    50  nrf_dfu_settings.o(i.nrf_dfu_settings_adv_name_write)
    nrf_dfu_settings_init                    0x0007ba11   Thumb Code    76  nrf_dfu_settings.o(i.nrf_dfu_settings_init)
    nrf_dfu_settings_write                   0x0007ba65   Thumb Code    58  nrf_dfu_settings.o(i.nrf_dfu_settings_write)
    nrf_dfu_transports_close                 0x0007baad   Thumb Code    36  nrf_dfu_transport.o(i.nrf_dfu_transports_close)
    nrf_dfu_transports_init                  0x0007bad9   Thumb Code    34  nrf_dfu_transport.o(i.nrf_dfu_transports_init)
    nrf_drv_clock_init                       0x0007bb05   Thumb Code    64  nrf_drv_clock.o(i.nrf_drv_clock_init)
    nrf_drv_clock_lfclk_release              0x0007bb4d   Thumb Code    40  nrf_drv_clock.o(i.nrf_drv_clock_lfclk_release)
    nrf_drv_clock_lfclk_request              0x0007bb79   Thumb Code    96  nrf_drv_clock.o(i.nrf_drv_clock_lfclk_request)
    nrf_drv_clock_uninit                     0x0007bbe1   Thumb Code    34  nrf_drv_clock.o(i.nrf_drv_clock_uninit)
    nrf_drv_common_clock_irq_disable         0x0007bc09   Thumb Code    20  nrf_drv_common.o(i.nrf_drv_common_clock_irq_disable)
    nrf_drv_common_irq_enable                0x0007bc1d   Thumb Code    60  nrf_drv_common.o(i.nrf_drv_common_irq_enable)
    nrf_fstorage_erase                       0x0007bc59   Thumb Code    78  nrf_fstorage.o(i.nrf_fstorage_erase)
    nrf_fstorage_init                        0x0007bca7   Thumb Code    16  nrf_fstorage.o(i.nrf_fstorage_init)
    nrf_fstorage_sdh_req_handler             0x0007bcb9   Thumb Code    28  nrf_fstorage_sd.o(i.nrf_fstorage_sdh_req_handler)
    nrf_fstorage_sdh_state_handler           0x0007bcd9   Thumb Code    28  nrf_fstorage_sd.o(i.nrf_fstorage_sdh_state_handler)
    nrf_fstorage_sys_evt_handler             0x0007bcf9   Thumb Code   186  nrf_fstorage_sd.o(i.nrf_fstorage_sys_evt_handler)
    nrf_fstorage_write                       0x0007bdbd   Thumb Code   102  nrf_fstorage.o(i.nrf_fstorage_write)
    nrf_nvmc_page_erase                      0x0007be65   Thumb Code    38  nrf_nvmc.o(i.nrf_nvmc_page_erase)
    nrf_nvmc_write_words                     0x0007be95   Thumb Code    52  nrf_nvmc.o(i.nrf_nvmc_write_words)
    nrf_sdh_ble_app_ram_start_get            0x0007bed1   Thumb Code    16  nrf_sdh_ble.o(i.nrf_sdh_ble_app_ram_start_get)
    nrf_sdh_ble_enable                       0x0007bee5   Thumb Code     4  nrf_sdh_ble.o(i.nrf_sdh_ble_enable)
    nrf_sdh_disable_request                  0x0007bf39   Thumb Code    60  nrf_sdh.o(i.nrf_sdh_disable_request)
    nrf_sdh_enable_request                   0x0007bf79   Thumb Code    74  nrf_sdh.o(i.nrf_sdh_enable_request)
    nrf_sdh_evts_poll                        0x0007bfd1   Thumb Code    32  nrf_sdh.o(i.nrf_sdh_evts_poll)
    nrf_sdh_is_enabled                       0x0007bff5   Thumb Code     6  nrf_sdh.o(i.nrf_sdh_is_enabled)
    nrf_sdh_request_continue                 0x0007c001   Thumb Code    22  nrf_sdh.o(i.nrf_sdh_request_continue)
    nrf_section_iter_init                    0x0007c059   Thumb Code    10  nrf_section_iter.o(i.nrf_section_iter_init)
    nrf_section_iter_next                    0x0007c087   Thumb Code    32  nrf_section_iter.o(i.nrf_section_iter_next)
    nrf_svc_handler_c                        0x0007c0a9   Thumb Code    84  nrf_svc_handler.o(i.nrf_svc_handler_c)
    pb_decode                                0x0007c509   Thumb Code    30  pb_decode.o(i.pb_decode)
    pb_decode_fixed32                        0x0007c527   Thumb Code    32  pb_decode.o(i.pb_decode_fixed32)
    pb_decode_fixed64                        0x0007c547   Thumb Code    92  pb_decode.o(i.pb_decode_fixed64)
    pb_decode_noinit                         0x0007c5a5   Thumb Code   390  pb_decode.o(i.pb_decode_noinit)
    pb_decode_svarint                        0x0007c72b   Thumb Code    58  pb_decode.o(i.pb_decode_svarint)
    pb_decode_tag                            0x0007c765   Thumb Code    66  pb_decode.o(i.pb_decode_tag)
    pb_decode_varint                         0x0007c7a7   Thumb Code    74  pb_decode.o(i.pb_decode_varint)
    pb_field_iter_begin                      0x0007c861   Thumb Code    34  pb_common.o(i.pb_field_iter_begin)
    pb_field_iter_find                       0x0007c883   Thumb Code    46  pb_common.o(i.pb_field_iter_find)
    pb_field_iter_next                       0x0007c8b1   Thumb Code   128  pb_common.o(i.pb_field_iter_next)
    pb_istream_from_buffer                   0x0007c9d5   Thumb Code    14  pb_decode.o(i.pb_istream_from_buffer)
    pb_make_string_substream                 0x0007c9e9   Thumb Code    54  pb_decode.o(i.pb_make_string_substream)
    pb_read                                  0x0007ca45   Thumb Code    84  pb_decode.o(i.pb_read)
    pb_skip_field                            0x0007cabd   Thumb Code    90  pb_decode.o(i.pb_skip_field)
    sha256_final                             0x0007cfe5   Thumb Code   272  sha256.o(i.sha256_final)
    sha256_init                              0x0007d0f5   Thumb Code    50  sha256.o(i.sha256_init)
    sha256_transform                         0x0007d149   Thumb Code   294  sha256.o(i.sha256_transform)
    sha256_update                            0x0007d275   Thumb Code    84  sha256.o(i.sha256_update)
    vHal_GPIO_Init                           0x0007d50d   Thumb Code    78  hal_gpio.o(i.vHal_GPIO_Init)
    nrf_dfu_inactivity_timeout_timer_id      0x0007d5f8   Data           4  nrf_dfu.o(.constdata)
    nrf_dfu_post_sd_bl_timeout_timer_id      0x0007d63c   Data           4  nrf_dfu_utils.o(.constdata)
    nrf_fstorage_nvmc                        0x0007d650   Data          24  nrf_fstorage_nvmc.o(.constdata)
    nrf_fstorage_sd                          0x0007d670   Data          24  nrf_fstorage_sd.o(.constdata)
    m_ram_start                              0x0007d7f8   Data           4  nrf_sdh_ble.o(.constdata)
    hash_info_sha256                         0x0007d828   Data           2  dfu_req_handling.o(.constdata)
    sig_info_p256                            0x0007d82a   Data           3  dfu_req_handling.o(.constdata)
    dfu_init_command_is_debug_default        0x0007d834   Data           1  dfu-cc.pb.o(.constdata)
    dfu_hash_fields                          0x0007d838   Data          36  dfu-cc.pb.o(.constdata)
    dfu_init_command_fields                  0x0007d85c   Data         120  dfu-cc.pb.o(.constdata)
    dfu_reset_command_fields                 0x0007d8d4   Data          24  dfu-cc.pb.o(.constdata)
    dfu_command_fields                       0x0007d8ec   Data          48  dfu-cc.pb.o(.constdata)
    dfu_signed_command_fields                0x0007d91c   Data          48  dfu-cc.pb.o(.constdata)
    dfu_packet_fields                        0x0007d94c   Data          36  dfu-cc.pb.o(.constdata)
    pk                                       0x0007d970   Data          64  public_key.o(.constdata)
    Region$$Table$$Base                      0x0007da84   Number         0  anon$$obj.o(Region$$Table)
    Region$$Table$$Limit                     0x0007daa4   Number         0  anon$$obj.o(Region$$Table)
    dfu_trans                                0x0007daa4   Data           8  nrf_ble_dfu.o(dfu_trans)
    dfu_trans$$Base                          0x0007daa4   Number         0  nrf_ble_dfu.o(dfu_trans)
    dfu_trans$$Limit                         0x0007daac   Number         0  nrf_ble_dfu.o(dfu_trans)
    sdh_ble_observers2$$Base                 0x0007daac   Number         0  nrf_ble_dfu.o(sdh_ble_observers2)
    m_req_obs                                0x0007dab4   Data           8  nrf_fstorage_sd.o(sdh_req_observers0)
    sdh_ble_observers2$$Limit                0x0007dab4   Number         0  nrf_ble_dfu.o(sdh_ble_observers2)
    sdh_req_observers0$$Base                 0x0007dab4   Number         0  nrf_fstorage_sd.o(sdh_req_observers0)
    sdh_req_observers0$$Limit                0x0007dabc   Number         0  nrf_fstorage_sd.o(sdh_req_observers0)
    sdh_soc_observers0$$Base                 0x0007dabc   Number         0  nrf_drv_clock.o(sdh_soc_observers0)
    sdh_soc_observers0$$Limit                0x0007dacc   Number         0  nrf_fstorage_sd.o(sdh_soc_observers0)
    sdh_stack_observers0$$Base               0x0007dacc   Number         0  nrf_sdh_ble.o(sdh_stack_observers0)
    sdh_stack_observers0$$Limit              0x0007dadc   Number         0  nrf_sdh_soc.o(sdh_stack_observers0)
    sdh_state_observers0$$Base               0x0007dadc   Number         0  nrf_drv_clock.o(sdh_state_observers0)
    nrf_dfu_set_adv_name_var                 0x0007daec   Data          12  nrf_dfu_svci_handler.o(svc_data)
    sdh_state_observers0$$Limit              0x0007daec   Number         0  nrf_fstorage_sd.o(sdh_state_observers0)
    svc_data$$Base                           0x0007daec   Number         0  nrf_dfu_svci_handler.o(svc_data)
    svc_data$$Limit                          0x0007daf8   Number         0  nrf_dfu_svci_handler.o(svc_data)
    m_mbr_params_page                        0x0007e000   Data        4096  nrf_dfu_settings.o(.ARM.__AT_0x0007E000)
    m_dfu_settings_buffer                    0x0007f000   Data        4096  nrf_dfu_settings.o(.ARM.__AT_0x0007F000)
    m_uicr_bootloader_start_address          0x10001014   Data           4  nrf_bootloader_info.o(.ARM.__AT_0x10001014)
    m_uicr_mbr_params_page_address           0x10001018   Data           4  nrf_dfu_settings.o(.ARM.__AT_0x10001018)
    Image$$RW_IRAM1$$Base                    0x20002180   Number         0  anon$$obj.o ABSOLUTE
    SystemCoreClock                          0x20002200   Data           4  system_nrf52.o(.data)
    fs_data$$Base                            0x20002204   Number         0  nrf_dfu_flash.o(fs_data)
    m_fs                                     0x20002204   Data          20  nrf_dfu_flash.o(fs_data)
    fs_data$$Limit                           0x20002218   Number         0  nrf_dfu_flash.o(fs_data)
    s_dfu_settings                           0x20002544   Data         440  nrf_dfu_settings.o(.bss)
    nrf_nvic_state                           0x2000283c   Data          12  app_util_platform.o(.bss)
    __initial_sp                             0x20004d10   Data           0  arm_startup_nrf52.o(STACK)



==============================================================================

Memory Map of the image

  Image Entry point : 0x00078201

  Load Region LR_IROM1 (Base: 0x00078000, Size: 0x00005b90, Max: 0x00006000, ABSOLUTE)

    Execution Region ER_IROM1 (Exec base: 0x00078000, Load base: 0x00078000, Size: 0x00005af8, Max: 0x00006000, ABSOLUTE)

    Exec Addr    Load Addr    Size         Type   Attr      Idx    E Section Name        Object

    0x00078000   0x00078000   0x00000200   Data   RO         3531    RESET               arm_startup_nrf52.o
    0x00078200   0x00078200   0x00000000   Code   RO         3667  * .ARM.Collect$$$$00000000  mc_w.l(entry.o)
    0x00078200   0x00078200   0x00000004   Code   RO         3684    .ARM.Collect$$$$00000001  mc_w.l(entry2.o)
    0x00078204   0x00078204   0x00000004   Code   RO         3687    .ARM.Collect$$$$00000004  mc_w.l(entry5.o)
    0x00078208   0x00078208   0x00000000   Code   RO         3689    .ARM.Collect$$$$00000008  mc_w.l(entry7b.o)
    0x00078208   0x00078208   0x00000000   Code   RO         3691    .ARM.Collect$$$$0000000A  mc_w.l(entry8b.o)
    0x00078208   0x00078208   0x00000008   Code   RO         3692    .ARM.Collect$$$$0000000B  mc_w.l(entry9a.o)
    0x00078210   0x00078210   0x00000000   Code   RO         3694    .ARM.Collect$$$$0000000D  mc_w.l(entry10a.o)
    0x00078210   0x00078210   0x00000000   Code   RO         3696    .ARM.Collect$$$$0000000F  mc_w.l(entry11a.o)
    0x00078210   0x00078210   0x00000004   Code   RO         3685    .ARM.Collect$$$$00002712  mc_w.l(entry2.o)
    0x00078214   0x00078214   0x00000040   Code   RO          682    .emb_text           nrf_bootloader_app_start_asm.o
    0x00078254   0x00078254   0x00000014   Code   RO         2861    .emb_text           nrf_svc_handler.o
    0x00078268   0x00078268   0x00000024   Code   RO         3532    .text               arm_startup_nrf52.o
    0x0007828c   0x0007828c   0x0000001e   Code   RO         3670    .text               mc_w.l(llshl.o)
    0x000782aa   0x000782aa   0x00000024   Code   RO         3672    .text               mc_w.l(memcpya.o)
    0x000782ce   0x000782ce   0x00000024   Code   RO         3676    .text               mc_w.l(memseta.o)
    0x000782f2   0x000782f2   0x0000001a   Code   RO         3680    .text               mc_w.l(memcmp.o)
    0x0007830c   0x0007830c   0x00000024   Code   RO         3698    .text               mc_w.l(init.o)
    0x00078330   0x00078330   0x000000ca   Code   RO         3619    .text.XYcZ_add      micro_ecc_lib_nrf52.lib(uECC.c.o)
    0x000783fa   0x000783fa   0x0000003e   Code   RO         3620    .text.apply_z       micro_ecc_lib_nrf52.lib(uECC.c.o)
    0x00078438   0x00078438   0x0000000c   Code   RO         3575    .text.bcopy         micro_ecc_lib_nrf52.lib(uECC.c.o)
    0x00078444   0x00078444   0x00000088   Code   RO         3592    .text.bits2int      micro_ecc_lib_nrf52.lib(uECC.c.o)
    0x000784cc   0x000784cc   0x00000154   Code   RO         3615    .text.double_jacobian_default  micro_ecc_lib_nrf52.lib(uECC.c.o)
    0x00078620   0x00078620   0x00000008   Code   RO         3627    .text.uECC_secp256r1  micro_ecc_lib_nrf52.lib(uECC.c.o)
    0x00078628   0x00078628   0x000002d4   Code   RO         3640    .text.uECC_verify   micro_ecc_lib_nrf52.lib(uECC.c.o)
    0x000788fc   0x000788fc   0x00000004   PAD
    0x00078900   0x00078900   0x00000058   Code   RO         3581    .text.uECC_vli_add  micro_ecc_lib_nrf52.lib(uECC.c.o)
    0x00078958   0x00078958   0x00000018   Code   RO         3590    .text.uECC_vli_clear  micro_ecc_lib_nrf52.lib(uECC.c.o)
    0x00078970   0x00078970   0x0000002a   Code   RO         3576    .text.uECC_vli_cmp_unsafe  micro_ecc_lib_nrf52.lib(uECC.c.o)
    0x0007899a   0x0007899a   0x0000002a   Code   RO         3601    .text.uECC_vli_equal  micro_ecc_lib_nrf52.lib(uECC.c.o)
    0x000789c4   0x000789c4   0x0000001e   Code   RO         3593    .text.uECC_vli_isZero  micro_ecc_lib_nrf52.lib(uECC.c.o)
    0x000789e2   0x000789e2   0x00000002   PAD
    0x000789e4   0x000789e4   0x0000013c   Code   RO         3609    .text.uECC_vli_mmod  micro_ecc_lib_nrf52.lib(uECC.c.o)
    0x00078b20   0x00078b20   0x00000032   Code   RO         3607    .text.uECC_vli_modAdd  micro_ecc_lib_nrf52.lib(uECC.c.o)
    0x00078b52   0x00078b52   0x0000010c   Code   RO         3621    .text.uECC_vli_modInv  micro_ecc_lib_nrf52.lib(uECC.c.o)
    0x00078c5e   0x00078c5e   0x00000024   Code   RO         3610    .text.uECC_vli_modMult  micro_ecc_lib_nrf52.lib(uECC.c.o)
    0x00078c82   0x00078c82   0x00000020   Code   RO         3611    .text.uECC_vli_modMult_fast  micro_ecc_lib_nrf52.lib(uECC.c.o)
    0x00078ca2   0x00078ca2   0x00000020   Code   RO         3613    .text.uECC_vli_modSquare_fast  micro_ecc_lib_nrf52.lib(uECC.c.o)
    0x00078cc2   0x00078cc2   0x00000024   Code   RO         3608    .text.uECC_vli_modSub  micro_ecc_lib_nrf52.lib(uECC.c.o)
    0x00078ce6   0x00078ce6   0x00000312   Code   RO         3584    .text.uECC_vli_mult  micro_ecc_lib_nrf52.lib(uECC.c.o)
    0x00078ff8   0x00078ff8   0x00000044   Code   RO         3596    .text.uECC_vli_numBits  micro_ecc_lib_nrf52.lib(uECC.c.o)
    0x0007903c   0x0007903c   0x0000001a   Code   RO         3603    .text.uECC_vli_rshift1  micro_ecc_lib_nrf52.lib(uECC.c.o)
    0x00079056   0x00079056   0x0000001a   Code   RO         3597    .text.uECC_vli_set  micro_ecc_lib_nrf52.lib(uECC.c.o)
    0x00079070   0x00079070   0x0000028c   Code   RO         3585    .text.uECC_vli_square  micro_ecc_lib_nrf52.lib(uECC.c.o)
    0x000792fc   0x000792fc   0x00000004   PAD
    0x00079300   0x00079300   0x00000060   Code   RO         3583    .text.uECC_vli_sub  micro_ecc_lib_nrf52.lib(uECC.c.o)
    0x00079360   0x00079360   0x00000012   Code   RO         3594    .text.uECC_vli_testBit  micro_ecc_lib_nrf52.lib(uECC.c.o)
    0x00079372   0x00079372   0x00000002   PAD
    0x00079374   0x00079374   0x000001b0   Code   RO         3600    .text.vli_mmod_fast_secp256r1  micro_ecc_lib_nrf52.lib(uECC.c.o)
    0x00079524   0x00079524   0x0000003a   Code   RO         3604    .text.vli_modInv_update  micro_ecc_lib_nrf52.lib(uECC.c.o)
    0x0007955e   0x0007955e   0x0000005a   Code   RO         3614    .text.x_side_default  micro_ecc_lib_nrf52.lib(uECC.c.o)
    0x000795b8   0x000795b8   0x00000058   Code   RO         1712    i.POWER_CLOCK_IRQHandler  nrf_drv_clock.o
    0x00079610   0x00079610   0x00000024   Code   RO         2067    i.RTC1_IRQHandler   app_timer.o
    0x00079634   0x00079634   0x00000004   Code   RO         2068    i.SWI0_EGU0_IRQHandler  app_timer.o
    0x00079638   0x00079638   0x00000020   Code   RO         2930    i.SWI2_EGU2_IRQHandler  nrf_sdh.o
    0x00079658   0x00079658   0x00000310   Code   RO         3540    i.SystemInit        system_nrf52.o
    0x00079968   0x00079968   0x0000001a   Code   RO         2069    i.__NVIC_ClearPendingIRQ  app_timer.o
    0x00079982   0x00079982   0x0000001a   Code   RO         2070    i.__NVIC_EnableIRQ  app_timer.o
    0x0007999c   0x0007999c   0x0000001a   Code   RO         2071    i.__NVIC_SetPendingIRQ  app_timer.o
    0x000799b6   0x000799b6   0x00000020   Code   RO         2072    i.__NVIC_SetPriority  app_timer.o
    0x000799d6   0x000799d6   0x0000000e   Code   RO         3702    i.__scatterload_copy  mc_w.l(handlers.o)
    0x000799e4   0x000799e4   0x00000002   Code   RO         3703    i.__scatterload_null  mc_w.l(handlers.o)
    0x000799e6   0x000799e6   0x0000000e   Code   RO         3704    i.__scatterload_zeroinit  mc_w.l(handlers.o)
    0x000799f4   0x000799f4   0x00000024   Code   RO         2931    i.__sd_nvic_app_accessible_irq  nrf_sdh.o
    0x00079a18   0x00079a18   0x0000000c   Code   RO         2501    i.addr_is_aligned32  nrf_fstorage.o
    0x00079a24   0x00079a24   0x00000018   Code   RO         2502    i.addr_within_bounds  nrf_fstorage.o
    0x00079a3c   0x00079a3c   0x00000070   Code   RO          369    i.advertising_init  nrf_ble_dfu.o
    0x00079aac   0x00079aac   0x0000003c   Code   RO          370    i.advertising_start  nrf_ble_dfu.o
    0x00079ae8   0x00079ae8   0x00000030   Code   RO         1990    i.app_error_fault_handler  app_error_weak.o
    0x00079b18   0x00079b18   0x00000024   Code   RO            4    i.app_error_handler_bare  main.o
    0x00079b3c   0x00079b3c   0x000000a0   Code   RO         2020    i.app_sched_event_put  app_scheduler.o
    0x00079bdc   0x00079bdc   0x00000040   Code   RO         2021    i.app_sched_execute  app_scheduler.o
    0x00079c1c   0x00079c1c   0x0000002c   Code   RO         2022    i.app_sched_init    app_scheduler.o
    0x00079c48   0x00079c48   0x00000024   Code   RO         2075    i.app_timer_create  app_timer.o
    0x00079c6c   0x00079c6c   0x00000054   Code   RO         2076    i.app_timer_init    app_timer.o
    0x00079cc0   0x00079cc0   0x00000088   Code   RO         2079    i.app_timer_start   app_timer.o
    0x00079d48   0x00079d48   0x00000020   Code   RO         2080    i.app_timer_stop    app_timer.o
    0x00079d68   0x00079d68   0x00000048   Code   RO         2236    i.app_util_critical_region_enter  app_util_platform.o
    0x00079db0   0x00079db0   0x00000034   Code   RO         2237    i.app_util_critical_region_exit  app_util_platform.o
    0x00079de4   0x00079de4   0x00000004   Code   RO         2932    i.appsh_events_poll  nrf_sdh.o
    0x00079de8   0x00079de8   0x00000064   Code   RO          371    i.ble_dfu_init      nrf_ble_dfu.o
    0x00079e4c   0x00079e4c   0x00000040   Code   RO          372    i.ble_dfu_transport_close  nrf_ble_dfu.o
    0x00079e8c   0x00079e8c   0x00000060   Code   RO          373    i.ble_dfu_transport_init  nrf_ble_dfu.o
    0x00079eec   0x00079eec   0x00000154   Code   RO          374    i.ble_evt_handler   nrf_ble_dfu.o
    0x0007a040   0x0007a040   0x00000008   Code   RO          259    i.ble_srv_is_notification_enabled  ble_srv_common.o
    0x0007a048   0x0007a048   0x00000060   Code   RO          375    i.ble_stack_init    nrf_ble_dfu.o
    0x0007a0a8   0x0007a0a8   0x0000001c   Code   RO         3356    i.buf_read          pb_decode.o
    0x0007a0c4   0x0007a0c4   0x00000028   Code   RO         1713    i.clock_clk_started_notify  nrf_drv_clock.o
    0x0007a0ec   0x0007a0ec   0x000000ac   Code   RO         2082    i.compare_reg_update  app_timer.o
    0x0007a198   0x0007a198   0x0000003c   Code   RO         2304    i.crc32_compute     crc32.o
    0x0007a1d4   0x0007a1d4   0x0000007e   Code   RO         3357    i.decode_callback_field  pb_decode.o
    0x0007a252   0x0007a252   0x0000001a   Code   RO         3358    i.decode_field      pb_decode.o
    0x0007a26c   0x0007a26c   0x000000e0   Code   RO         3359    i.decode_static_field  pb_decode.o
    0x0007a34c   0x0007a34c   0x00000084   Code   RO          376    i.dfu_ctrl_pt_add   nrf_ble_dfu.o
    0x0007a3d0   0x0007a3d0   0x00000054   Code   RO         3187    i.dfu_decode_commmand  dfu_req_handling.o
    0x0007a424   0x0007a424   0x0000001c   Code   RO          819    i.dfu_fstorage_evt_handler  nrf_dfu_flash.o
    0x0007a440   0x0007a440   0x00000198   Code   RO         3188    i.dfu_handle_prevalidate  dfu_req_handling.o
    0x0007a5d8   0x0007a5d8   0x00000082   Code   RO          377    i.dfu_pkt_char_add  nrf_ble_dfu.o
    0x0007a65a   0x0007a65a   0x00000002   PAD
    0x0007a65c   0x0007a65c   0x00000040   Code   RO         2083    i.elapsed_ticks_acquire  app_timer.o
    0x0007a69c   0x0007a69c   0x00000044   Code   RO         2557    i.erase             nrf_fstorage_nvmc.o
    0x0007a6e0   0x0007a6e0   0x0000003c   Code   RO         2621    i.erase             nrf_fstorage_sd.o
    0x0007a71c   0x0007a71c   0x00000038   Code   RO         2558    i.event_send        nrf_fstorage_nvmc.o
    0x0007a754   0x0007a754   0x0000004e   Code   RO         2622    i.event_send        nrf_fstorage_sd.o
    0x0007a7a2   0x0007a7a2   0x00000002   PAD
    0x0007a7a4   0x0007a7a4   0x00000010   Code   RO          886    i.ext_error_get     nrf_dfu_handling_error.o
    0x0007a7b4   0x0007a7b4   0x0000000c   Code   RO          887    i.ext_error_set     nrf_dfu_handling_error.o
    0x0007a7c0   0x0007a7c0   0x00000088   Code   RO          378    i.gap_params_init   nrf_ble_dfu.o
    0x0007a848   0x0007a848   0x0000002c   Code   RO         1714    i.hfclk_stop        nrf_drv_clock.o
    0x0007a874   0x0007a874   0x00000030   Code   RO         3189    i.inactivity_timer_restart  dfu_req_handling.o
    0x0007a8a4   0x0007a8a4   0x00000018   Code   RO         2559    i.init              nrf_fstorage_nvmc.o
    0x0007a8bc   0x0007a8bc   0x00000034   Code   RO         2623    i.init              nrf_fstorage_sd.o
    0x0007a8f0   0x0007a8f0   0x0000000c   Code   RO         2560    i.is_busy           nrf_fstorage_nvmc.o
    0x0007a8fc   0x0007a8fc   0x00000014   Code   RO         2624    i.is_busy           nrf_fstorage_sd.o
    0x0007a910   0x0007a910   0x0000000c   Code   RO         1505    i.is_word_aligned   micro_ecc_lib_ecdsa.o
    0x0007a91c   0x0007a91c   0x00000016   Code   RO         1715    i.item_enqueue      nrf_drv_clock.o
    0x0007a932   0x0007a932   0x0000002e   Code   RO         3360    i.iter_from_extension  pb_decode.o
    0x0007a960   0x0007a960   0x00000028   Code   RO         1716    i.lfclk_stop        nrf_drv_clock.o
    0x0007a988   0x0007a988   0x000000f8   Code   RO         2084    i.list_insertions_handler  app_timer.o
    0x0007aa80   0x0007aa80   0x0000001e   Code   RO            5    i.main              main.o
    0x0007aa9e   0x0007aa9e   0x0000002e   Code   RO          661    i.nrf_bootloader_app_start  nrf_bootloader_app_start.o
    0x0007aacc   0x0007aacc   0x00000010   Code   RO          616    i.nrf_bootloader_init  nrf_bootloader.o
    0x0007aadc   0x0007aadc   0x0000000e   Code   RO         1717    i.nrf_clock_event_check  nrf_drv_clock.o
    0x0007aaea   0x0007aaea   0x00000010   Code   RO         1718    i.nrf_clock_event_clear  nrf_drv_clock.o
    0x0007aafa   0x0007aafa   0x00000002   PAD
    0x0007aafc   0x0007aafc   0x0000001c   Code   RO         1719    i.nrf_clock_hf_is_running  nrf_drv_clock.o
    0x0007ab18   0x0007ab18   0x00000078   Code   RO         1228    i.nrf_crypto_ecdsa_sizes_get  nrf_crypto_ecdsa.o
    0x0007ab90   0x0007ab90   0x00000092   Code   RO         1506    i.nrf_crypto_ecdsa_verify_hash  micro_ecc_lib_ecdsa.o
    0x0007ac22   0x0007ac22   0x00000002   PAD
    0x0007ac24   0x0007ac24   0x00000074   Code   RO         1648    i.nrf_crypto_hash_compute  nrf_crypto_sw_hash.o
    0x0007ac98   0x0007ac98   0x00000046   Code   RO         1649    i.nrf_crypto_hash_finalize  nrf_crypto_sw_hash.o
    0x0007acde   0x0007acde   0x00000028   Code   RO         1650    i.nrf_crypto_hash_init  nrf_crypto_sw_hash.o
    0x0007ad06   0x0007ad06   0x0000002e   Code   RO         1280    i.nrf_crypto_hash_size_get  nrf_crypto_hash.o
    0x0007ad34   0x0007ad34   0x00000018   Code   RO         1651    i.nrf_crypto_hash_update  nrf_crypto_sw_hash.o
    0x0007ad4c   0x0007ad4c   0x0000008c   Code   RO          379    i.nrf_delay_us      nrf_ble_dfu.o
    0x0007add8   0x0007add8   0x0000008c   Code   RO         2085    i.nrf_delay_us      app_timer.o
    0x0007ae64   0x0007ae64   0x0000009c   Code   RO         1088    i.nrf_dfu_app_continue  nrf_dfu_utils.o
    0x0007af00   0x0007af00   0x00000030   Code   RO         1089    i.nrf_dfu_app_is_valid  nrf_dfu_utils.o
    0x0007af30   0x0007af30   0x00000044   Code   RO         1090    i.nrf_dfu_bl_continue  nrf_dfu_utils.o
    0x0007af74   0x0007af74   0x00000004   Code   RO            6    i.nrf_dfu_button_enter_check  main.o
    0x0007af78   0x0007af78   0x0000012c   Code   RO         3190    i.nrf_dfu_command_req  dfu_req_handling.o
    0x0007b0a4   0x0007b0a4   0x00000034   Code   RO         1091    i.nrf_dfu_continue  nrf_dfu_utils.o
    0x0007b0d8   0x0007b0d8   0x00000078   Code   RO         1092    i.nrf_dfu_continue_bank  nrf_dfu_utils.o
    0x0007b150   0x0007b150   0x00000234   Code   RO         3191    i.nrf_dfu_data_req  dfu_req_handling.o
    0x0007b384   0x0007b384   0x0000003c   Code   RO          719    i.nrf_dfu_enter_check  nrf_dfu.o
    0x0007b3c0   0x0007b3c0   0x00000070   Code   RO         1093    i.nrf_dfu_find_cache  nrf_dfu_utils.o
    0x0007b430   0x0007b430   0x00000020   Code   RO          820    i.nrf_dfu_flash_erase  nrf_dfu_flash.o
    0x0007b450   0x0007b450   0x0000001c   Code   RO          821    i.nrf_dfu_flash_init  nrf_dfu_flash.o
    0x0007b46c   0x0007b46c   0x00000024   Code   RO          822    i.nrf_dfu_flash_store  nrf_dfu_flash.o
    0x0007b490   0x0007b490   0x000000d0   Code   RO          720    i.nrf_dfu_init      nrf_dfu.o
    0x0007b560   0x0007b560   0x00000004   Code   RO          618    i.nrf_dfu_init_user  nrf_bootloader.o
    0x0007b564   0x0007b564   0x00000018   Code   RO         1094    i.nrf_dfu_invalidate_bank  nrf_dfu_utils.o
    0x0007b57c   0x0007b57c   0x0000001c   Code   RO          924    i.nrf_dfu_mbr_compare  nrf_dfu_mbr.o
    0x0007b598   0x0007b598   0x00000016   Code   RO          925    i.nrf_dfu_mbr_copy_bl  nrf_dfu_mbr.o
    0x0007b5ae   0x0007b5ae   0x00000002   PAD
    0x0007b5b0   0x0007b5b0   0x00000024   Code   RO          926    i.nrf_dfu_mbr_copy_sd  nrf_dfu_mbr.o
    0x0007b5d4   0x0007b5d4   0x00000018   Code   RO          927    i.nrf_dfu_mbr_init_sd  nrf_dfu_mbr.o
    0x0007b5ec   0x0007b5ec   0x000001a0   Code   RO         3192    i.nrf_dfu_postvalidate  dfu_req_handling.o
    0x0007b78c   0x0007b78c   0x00000054   Code   RO         3193    i.nrf_dfu_req_handler_init  dfu_req_handling.o
    0x0007b7e0   0x0007b7e0   0x00000040   Code   RO         3194    i.nrf_dfu_req_handler_on_req  dfu_req_handling.o
    0x0007b820   0x0007b820   0x00000014   Code   RO         3195    i.nrf_dfu_req_handler_reset_if_dfu_complete  dfu_req_handling.o
    0x0007b834   0x0007b834   0x00000024   Code   RO         1095    i.nrf_dfu_reset_timeout_handler  nrf_dfu_utils.o
    0x0007b858   0x0007b858   0x0000008c   Code   RO         1096    i.nrf_dfu_sd_continue_impl  nrf_dfu_utils.o
    0x0007b8e4   0x0007b8e4   0x00000020   Code   RO         2890    i.nrf_dfu_set_adv_name_handler  nrf_dfu_svci_handler.o
    0x0007b904   0x0007b904   0x00000032   Code   RO         2891    i.nrf_dfu_set_adv_name_on_call  nrf_dfu_svci_handler.o
    0x0007b936   0x0007b936   0x00000024   Code   RO         2892    i.nrf_dfu_set_adv_name_on_sys_evt  nrf_dfu_svci_handler.o
    0x0007b95a   0x0007b95a   0x00000002   PAD
    0x0007b95c   0x0007b95c   0x00000034   Code   RO          976    i.nrf_dfu_settings_additional_erase  nrf_dfu_settings.o
    0x0007b990   0x0007b990   0x00000018   Code   RO          977    i.nrf_dfu_settings_adv_name_copy  nrf_dfu_settings.o
    0x0007b9a8   0x0007b9a8   0x00000020   Code   RO          978    i.nrf_dfu_settings_adv_name_is_valid  nrf_dfu_settings.o
    0x0007b9c8   0x0007b9c8   0x00000038   Code   RO          979    i.nrf_dfu_settings_adv_name_write  nrf_dfu_settings.o
    0x0007ba00   0x0007ba00   0x00000010   Code   RO          980    i.nrf_dfu_settings_crc_get  nrf_dfu_settings.o
    0x0007ba10   0x0007ba10   0x00000054   Code   RO          981    i.nrf_dfu_settings_init  nrf_dfu_settings.o
    0x0007ba64   0x0007ba64   0x00000048   Code   RO          982    i.nrf_dfu_settings_write  nrf_dfu_settings.o
    0x0007baac   0x0007baac   0x0000002c   Code   RO         1054    i.nrf_dfu_transports_close  nrf_dfu_transport.o
    0x0007bad8   0x0007bad8   0x0000002c   Code   RO         1055    i.nrf_dfu_transports_init  nrf_dfu_transport.o
    0x0007bb04   0x0007bb04   0x00000048   Code   RO         1725    i.nrf_drv_clock_init  nrf_drv_clock.o
    0x0007bb4c   0x0007bb4c   0x0000002c   Code   RO         1729    i.nrf_drv_clock_lfclk_release  nrf_drv_clock.o
    0x0007bb78   0x0007bb78   0x00000068   Code   RO         1730    i.nrf_drv_clock_lfclk_request  nrf_drv_clock.o
    0x0007bbe0   0x0007bbe0   0x00000028   Code   RO         1731    i.nrf_drv_clock_uninit  nrf_drv_clock.o
    0x0007bc08   0x0007bc08   0x00000014   Code   RO         1887    i.nrf_drv_common_clock_irq_disable  nrf_drv_common.o
    0x0007bc1c   0x0007bc1c   0x0000003c   Code   RO         1888    i.nrf_drv_common_irq_enable  nrf_drv_common.o
    0x0007bc58   0x0007bc58   0x0000004e   Code   RO         2503    i.nrf_fstorage_erase  nrf_fstorage.o
    0x0007bca6   0x0007bca6   0x00000010   Code   RO         2504    i.nrf_fstorage_init  nrf_fstorage.o
    0x0007bcb6   0x0007bcb6   0x00000002   PAD
    0x0007bcb8   0x0007bcb8   0x00000020   Code   RO         2625    i.nrf_fstorage_sdh_req_handler  nrf_fstorage_sd.o
    0x0007bcd8   0x0007bcd8   0x00000020   Code   RO         2626    i.nrf_fstorage_sdh_state_handler  nrf_fstorage_sd.o
    0x0007bcf8   0x0007bcf8   0x000000c4   Code   RO         2627    i.nrf_fstorage_sys_evt_handler  nrf_fstorage_sd.o
    0x0007bdbc   0x0007bdbc   0x00000066   Code   RO         2508    i.nrf_fstorage_write  nrf_fstorage.o
    0x0007be22   0x0007be22   0x00000024   Code   RO         3138    i.nrf_gpio_cfg      hal_gpio.o
    0x0007be46   0x0007be46   0x00000010   Code   RO          380    i.nrf_gpio_cfg_output  nrf_ble_dfu.o
    0x0007be56   0x0007be56   0x0000000e   Code   RO          381    i.nrf_gpio_pin_set  nrf_ble_dfu.o
    0x0007be64   0x0007be64   0x00000030   Code   RO         1942    i.nrf_nvmc_page_erase  nrf_nvmc.o
    0x0007be94   0x0007be94   0x0000003c   Code   RO         1946    i.nrf_nvmc_write_words  nrf_nvmc.o
    0x0007bed0   0x0007bed0   0x00000014   Code   RO         3053    i.nrf_sdh_ble_app_ram_start_get  nrf_sdh_ble.o
    0x0007bee4   0x0007bee4   0x00000004   Code   RO         3055    i.nrf_sdh_ble_enable  nrf_sdh_ble.o
    0x0007bee8   0x0007bee8   0x00000050   Code   RO         3056    i.nrf_sdh_ble_evts_poll  nrf_sdh_ble.o
    0x0007bf38   0x0007bf38   0x00000040   Code   RO         2933    i.nrf_sdh_disable_request  nrf_sdh.o
    0x0007bf78   0x0007bf78   0x00000058   Code   RO         2934    i.nrf_sdh_enable_request  nrf_sdh.o
    0x0007bfd0   0x0007bfd0   0x00000024   Code   RO         2935    i.nrf_sdh_evts_poll  nrf_sdh.o
    0x0007bff4   0x0007bff4   0x0000000c   Code   RO         2936    i.nrf_sdh_is_enabled  nrf_sdh.o
    0x0007c000   0x0007c000   0x0000001c   Code   RO         2938    i.nrf_sdh_request_continue  nrf_sdh.o
    0x0007c01c   0x0007c01c   0x0000003c   Code   RO         3106    i.nrf_sdh_soc_evts_poll  nrf_sdh_soc.o
    0x0007c058   0x0007c058   0x0000000a   Code   RO         2737    i.nrf_section_iter_init  nrf_section_iter.o
    0x0007c062   0x0007c062   0x00000024   Code   RO         2738    i.nrf_section_iter_item_set  nrf_section_iter.o
    0x0007c086   0x0007c086   0x00000020   Code   RO         2739    i.nrf_section_iter_next  nrf_section_iter.o
    0x0007c0a6   0x0007c0a6   0x00000002   PAD
    0x0007c0a8   0x0007c0a8   0x0000005c   Code   RO         2862    i.nrf_svc_handler_c  nrf_svc_handler.o
    0x0007c104   0x0007c104   0x000000f8   Code   RO          382    i.on_ctrl_pt_write  nrf_ble_dfu.o
    0x0007c1fc   0x0007c1fc   0x00000044   Code   RO         3196    i.on_dfu_complete   dfu_req_handling.o
    0x0007c240   0x0007c240   0x00000094   Code   RO          383    i.on_rw_authorize_req  nrf_ble_dfu.o
    0x0007c2d4   0x0007c2d4   0x00000060   Code   RO          384    i.on_write          nrf_ble_dfu.o
    0x0007c334   0x0007c334   0x00000040   Code   RO         3362    i.pb_dec_bytes      pb_decode.o
    0x0007c374   0x0007c374   0x00000006   Code   RO         3363    i.pb_dec_fixed32    pb_decode.o
    0x0007c37a   0x0007c37a   0x00000006   Code   RO         3364    i.pb_dec_fixed64    pb_decode.o
    0x0007c380   0x0007c380   0x0000003e   Code   RO         3365    i.pb_dec_string     pb_decode.o
    0x0007c3be   0x0007c3be   0x00000040   Code   RO         3366    i.pb_dec_submessage  pb_decode.o
    0x0007c3fe   0x0007c3fe   0x00000058   Code   RO         3367    i.pb_dec_svarint    pb_decode.o
    0x0007c456   0x0007c456   0x00000058   Code   RO         3368    i.pb_dec_uvarint    pb_decode.o
    0x0007c4ae   0x0007c4ae   0x0000005a   Code   RO         3369    i.pb_dec_varint     pb_decode.o
    0x0007c508   0x0007c508   0x0000001e   Code   RO         3370    i.pb_decode         pb_decode.o
    0x0007c526   0x0007c526   0x00000020   Code   RO         3372    i.pb_decode_fixed32  pb_decode.o
    0x0007c546   0x0007c546   0x0000005c   Code   RO         3373    i.pb_decode_fixed64  pb_decode.o
    0x0007c5a2   0x0007c5a2   0x00000002   PAD
    0x0007c5a4   0x0007c5a4   0x00000186   Code   RO         3374    i.pb_decode_noinit  pb_decode.o
    0x0007c72a   0x0007c72a   0x0000003a   Code   RO         3375    i.pb_decode_svarint  pb_decode.o
    0x0007c764   0x0007c764   0x00000042   Code   RO         3376    i.pb_decode_tag     pb_decode.o
    0x0007c7a6   0x0007c7a6   0x0000004a   Code   RO         3377    i.pb_decode_varint  pb_decode.o
    0x0007c7f0   0x0007c7f0   0x0000004c   Code   RO         3378    i.pb_decode_varint32  pb_decode.o
    0x0007c83c   0x0007c83c   0x00000024   Code   RO         3197    i.pb_decoding_callback  dfu_req_handling.o
    0x0007c860   0x0007c860   0x00000022   Code   RO         3329    i.pb_field_iter_begin  pb_common.o
    0x0007c882   0x0007c882   0x0000002e   Code   RO         3330    i.pb_field_iter_find  pb_common.o
    0x0007c8b0   0x0007c8b0   0x00000080   Code   RO         3331    i.pb_field_iter_next  pb_common.o
    0x0007c930   0x0007c930   0x000000a4   Code   RO         3379    i.pb_field_set_to_default  pb_decode.o
    0x0007c9d4   0x0007c9d4   0x00000014   Code   RO         3380    i.pb_istream_from_buffer  pb_decode.o
    0x0007c9e8   0x0007c9e8   0x00000036   Code   RO         3381    i.pb_make_string_substream  pb_decode.o
    0x0007ca1e   0x0007ca1e   0x00000026   Code   RO         3382    i.pb_message_set_to_defaults  pb_decode.o
    0x0007ca44   0x0007ca44   0x00000058   Code   RO         3383    i.pb_read           pb_decode.o
    0x0007ca9c   0x0007ca9c   0x00000020   Code   RO         3384    i.pb_readbyte       pb_decode.o
    0x0007cabc   0x0007cabc   0x0000005a   Code   RO         3385    i.pb_skip_field     pb_decode.o
    0x0007cb16   0x0007cb16   0x00000002   PAD
    0x0007cb18   0x0007cb18   0x00000040   Code   RO         2628    i.queue_get_next_free  nrf_fstorage_sd.o
    0x0007cb58   0x0007cb58   0x00000088   Code   RO         2629    i.queue_process     nrf_fstorage_sd.o
    0x0007cbe0   0x0007cbe0   0x00000018   Code   RO         2630    i.queue_start       nrf_fstorage_sd.o
    0x0007cbf8   0x0007cbf8   0x0000000e   Code   RO         2561    i.read              nrf_fstorage_nvmc.o
    0x0007cc06   0x0007cc06   0x0000000e   Code   RO         2631    i.read              nrf_fstorage_sd.o
    0x0007cc14   0x0007cc14   0x00000062   Code   RO         3386    i.read_raw_value    pb_decode.o
    0x0007cc76   0x0007cc76   0x00000002   PAD
    0x0007cc78   0x0007cc78   0x00000038   Code   RO         3198    i.reset_device      dfu_req_handling.o
    0x0007ccb0   0x0007ccb0   0x00000040   Code   RO         1097    i.reset_device_callback  nrf_dfu_utils.o
    0x0007ccf0   0x0007ccf0   0x00000058   Code   RO          385    i.response_crc_cmd_send  nrf_ble_dfu.o
    0x0007cd48   0x0007cd48   0x00000064   Code   RO          386    i.response_select_object_cmd_send  nrf_ble_dfu.o
    0x0007cdac   0x0007cdac   0x00000054   Code   RO          387    i.response_send     nrf_ble_dfu.o
    0x0007ce00   0x0007ce00   0x00000044   Code   RO         2086    i.rtc1_stop         app_timer.o
    0x0007ce44   0x0007ce44   0x0000004c   Code   RO         2941    i.sd_nvic_DisableIRQ  nrf_sdh.o
    0x0007ce90   0x0007ce90   0x00000074   Code   RO         2942    i.sd_nvic_EnableIRQ  nrf_sdh.o
    0x0007cf04   0x0007cf04   0x0000005c   Code   RO         1732    i.sd_state_evt_handler  nrf_drv_clock.o
    0x0007cf60   0x0007cf60   0x00000030   Code   RO         2943    i.sdh_request_observer_notify  nrf_sdh.o
    0x0007cf90   0x0007cf90   0x0000002c   Code   RO         2944    i.sdh_state_observer_notify  nrf_sdh.o
    0x0007cfbc   0x0007cfbc   0x00000028   Code   RO          388    i.send_hvx          nrf_ble_dfu.o
    0x0007cfe4   0x0007cfe4   0x00000110   Code   RO         2808    i.sha256_final      sha256.o
    0x0007d0f4   0x0007d0f4   0x00000054   Code   RO         2809    i.sha256_init       sha256.o
    0x0007d148   0x0007d148   0x0000012c   Code   RO         2810    i.sha256_transform  sha256.o
    0x0007d274   0x0007d274   0x00000054   Code   RO         2811    i.sha256_update     sha256.o
    0x0007d2c8   0x0007d2c8   0x0000000a   Code   RO         1733    i.soc_evt_handler   nrf_drv_clock.o
    0x0007d2d2   0x0007d2d2   0x00000002   PAD
    0x0007d2d4   0x0007d2d4   0x00000080   Code   RO         2087    i.timer_list_handler  app_timer.o
    0x0007d354   0x0007d354   0x0000003c   Code   RO         2088    i.timer_list_insert  app_timer.o
    0x0007d390   0x0007d390   0x00000060   Code   RO         2089    i.timer_list_remove  app_timer.o
    0x0007d3f0   0x0007d3f0   0x00000048   Code   RO         2090    i.timer_stop_op_schedule  app_timer.o
    0x0007d438   0x0007d438   0x00000074   Code   RO         2091    i.timer_timeouts_check  app_timer.o
    0x0007d4ac   0x0007d4ac   0x00000012   Code   RO          389    i.uint32_encode     nrf_ble_dfu.o
    0x0007d4be   0x0007d4be   0x00000004   Code   RO         2562    i.uninit            nrf_fstorage_nvmc.o
    0x0007d4c2   0x0007d4c2   0x00000004   Code   RO         2632    i.uninit            nrf_fstorage_sd.o
    0x0007d4c6   0x0007d4c6   0x00000002   PAD
    0x0007d4c8   0x0007d4c8   0x00000030   Code   RO         2092    i.user_op_alloc     app_timer.o
    0x0007d4f8   0x0007d4f8   0x00000014   Code   RO         3139    i.vGPIO_OutputCfg   hal_gpio.o
    0x0007d50c   0x0007d50c   0x0000004e   Code   RO         3141    i.vHal_GPIO_Init    hal_gpio.o
    0x0007d55a   0x0007d55a   0x00000002   PAD
    0x0007d55c   0x0007d55c   0x0000003c   Code   RO         2563    i.write             nrf_fstorage_nvmc.o
    0x0007d598   0x0007d598   0x00000036   Code   RO         2633    i.write             nrf_fstorage_sd.o
    0x0007d5ce   0x0007d5ce   0x00000002   PAD
    0x0007d5d0   0x0007d5d0   0x00000028   Data   RO          391    .constdata          nrf_ble_dfu.o
    0x0007d5f8   0x0007d5f8   0x00000004   Data   RO          723    .constdata          nrf_dfu.o
    0x0007d5fc   0x0007d5fc   0x00000040   Data   RO          929    .constdata          nrf_dfu_mbr.o
    0x0007d63c   0x0007d63c   0x00000004   Data   RO         1099    .constdata          nrf_dfu_utils.o
    0x0007d640   0x0007d640   0x00000008   Data   RO         1652    .constdata          nrf_crypto_sw_hash.o
    0x0007d648   0x0007d648   0x00000008   Data   RO         2564    .constdata          nrf_fstorage_nvmc.o
    0x0007d650   0x0007d650   0x00000018   Data   RO         2565    .constdata          nrf_fstorage_nvmc.o
    0x0007d668   0x0007d668   0x00000008   Data   RO         2635    .constdata          nrf_fstorage_sd.o
    0x0007d670   0x0007d670   0x00000018   Data   RO         2636    .constdata          nrf_fstorage_sd.o
    0x0007d688   0x0007d688   0x00000100   Data   RO         2812    .constdata          sha256.o
    0x0007d788   0x0007d788   0x00000010   Data   RO         2945    .constdata          nrf_sdh.o
    0x0007d798   0x0007d798   0x00000028   Data   RO         2946    .constdata          nrf_sdh.o
    0x0007d7c0   0x0007d7c0   0x00000010   Data   RO         2947    .constdata          nrf_sdh.o
    0x0007d7d0   0x0007d7d0   0x00000010   Data   RO         2948    .constdata          nrf_sdh.o
    0x0007d7e0   0x0007d7e0   0x00000018   Data   RO         3057    .constdata          nrf_sdh_ble.o
    0x0007d7f8   0x0007d7f8   0x00000014   Data   RO         3058    .constdata          nrf_sdh_ble.o
    0x0007d80c   0x0007d80c   0x00000010   Data   RO         3107    .constdata          nrf_sdh_soc.o
    0x0007d81c   0x0007d81c   0x0000000c   Data   RO         3108    .constdata          nrf_sdh_soc.o
    0x0007d828   0x0007d828   0x0000000c   Data   RO         3204    .constdata          dfu_req_handling.o
    0x0007d834   0x0007d834   0x00000001   Data   RO         3299    .constdata          dfu-cc.pb.o
    0x0007d835   0x0007d835   0x00000003   PAD
    0x0007d838   0x0007d838   0x00000024   Data   RO         3300    .constdata          dfu-cc.pb.o
    0x0007d85c   0x0007d85c   0x00000078   Data   RO         3301    .constdata          dfu-cc.pb.o
    0x0007d8d4   0x0007d8d4   0x00000018   Data   RO         3302    .constdata          dfu-cc.pb.o
    0x0007d8ec   0x0007d8ec   0x00000030   Data   RO         3303    .constdata          dfu-cc.pb.o
    0x0007d91c   0x0007d91c   0x00000030   Data   RO         3304    .constdata          dfu-cc.pb.o
    0x0007d94c   0x0007d94c   0x00000024   Data   RO         3305    .constdata          dfu-cc.pb.o
    0x0007d970   0x0007d970   0x00000040   Data   RO         3320    .constdata          public_key.o
    0x0007d9b0   0x0007d9b0   0x00000024   Data   RO         3387    .constdata          pb_decode.o
    0x0007d9d4   0x0007d9d4   0x000000b0   Data   RO         3655    .rodata.curve_secp256r1  micro_ecc_lib_nrf52.lib(uECC.c.o)
    0x0007da84   0x0007da84   0x00000020   Data   RO         3700    Region$$Table       anon$$obj.o
    0x0007daa4   0x0007daa4   0x00000008   Data   RO          393    dfu_trans           nrf_ble_dfu.o
    0x0007daac   0x0007daac   0x00000008   Data   RO          394    sdh_ble_observers2  nrf_ble_dfu.o
    0x0007dab4   0x0007dab4   0x00000008   Data   RO         2638    sdh_req_observers0  nrf_fstorage_sd.o
    0x0007dabc   0x0007dabc   0x00000008   Data   RO         1739    sdh_soc_observers0  nrf_drv_clock.o
    0x0007dac4   0x0007dac4   0x00000008   Data   RO         2639    sdh_soc_observers0  nrf_fstorage_sd.o
    0x0007dacc   0x0007dacc   0x00000008   Data   RO         3059    sdh_stack_observers0  nrf_sdh_ble.o
    0x0007dad4   0x0007dad4   0x00000008   Data   RO         3109    sdh_stack_observers0  nrf_sdh_soc.o
    0x0007dadc   0x0007dadc   0x00000008   Data   RO         1740    sdh_state_observers0  nrf_drv_clock.o
    0x0007dae4   0x0007dae4   0x00000008   Data   RO         2640    sdh_state_observers0  nrf_fstorage_sd.o
    0x0007daec   0x0007daec   0x0000000c   Data   RO         2893    svc_data            nrf_dfu_svci_handler.o


    Execution Region RW_IRAM1 (Exec base: 0x20002180, Load base: 0x0007daf8, Size: 0x00002b90, Max: 0x0000de80, ABSOLUTE)

    Exec Addr    Load Addr    Size         Type   Attr      Idx    E Section Name        Object

    0x20002180   0x0007daf8   0x0000000c   Data   RW          392    .data               nrf_ble_dfu.o
    0x2000218c   0x0007db04   0x00000004   Data   RW          823    .data               nrf_dfu_flash.o
    0x20002190   0x0007db08   0x00000001   Data   RW          888    .data               nrf_dfu_handling_error.o
    0x20002191   0x0007db09   0x00000003   PAD
    0x20002194   0x0007db0c   0x00000010   Data   RW         2024    .data               app_scheduler.o
    0x200021a4   0x0007db1c   0x00000014   Data   RW         2094    .data               app_timer.o
    0x200021b8   0x0007db30   0x00000002   Data   RW         2566    .data               nrf_fstorage_nvmc.o
    0x200021ba   0x0007db32   0x00000002   PAD
    0x200021bc   0x0007db34   0x00000008   Data   RW         2637    .data               nrf_fstorage_sd.o
    0x200021c4   0x0007db3c   0x00000003   Data   RW         2949    .data               nrf_sdh.o
    0x200021c7   0x0007db3f   0x00000001   PAD
    0x200021c8   0x0007db40   0x00000038   Data   RW         3205    .data               dfu_req_handling.o
    0x20002200   0x0007db78   0x00000004   Data   RW         3541    .data               system_nrf52.o
    0x20002204   0x0007db7c   0x00000014   Data   RW          824    fs_data             nrf_dfu_flash.o
    0x20002218        -       0x00000044   Zero   RW          390    .bss                nrf_ble_dfu.o
    0x2000225c        -       0x00000020   Zero   RW          721    .bss                nrf_dfu.o
    0x2000227c        -       0x00000110   Zero   RW          722    .bss                nrf_dfu.o
    0x2000238c        -       0x00000370   Zero   RW          986    .bss                nrf_dfu_settings.o
    0x200026fc        -       0x00000020   Zero   RW         1098    .bss                nrf_dfu_utils.o
    0x2000271c        -       0x00000014   Zero   RW         1734    .bss                nrf_drv_clock.o
    0x20002730        -       0x0000010c   Zero   RW         2093    .bss                app_timer.o
    0x2000283c        -       0x0000000c   Zero   RW         2242    .bss                app_util_platform.o
    0x20002848        -       0x000000e8   Zero   RW         2634    .bss                nrf_fstorage_sd.o
    0x20002930        -       0x0000033c   Zero   RW         3199    .bss                dfu_req_handling.o
    0x20002c6c        -       0x00000020   Zero   RW         3200    .bss                dfu_req_handling.o
    0x20002c8c        -       0x00000040   Zero   RW         3201    .bss                dfu_req_handling.o
    0x20002ccc        -       0x00000020   Zero   RW         3202    .bss                dfu_req_handling.o
    0x20002cec        -       0x00000020   Zero   RW         3203    .bss                dfu_req_handling.o
    0x20002d0c   0x0007db90   0x00000004   PAD
    0x20002d10        -       0x00002000   Zero   RW         3529    STACK               arm_startup_nrf52.o



  Load Region LR$$.ARM.__AT_0x0007E000 (Base: 0x0007e000, Size: 0x00000000, Max: 0x00001000, ABSOLUTE)

    Execution Region ER$$.ARM.__AT_0x0007E000 (Exec base: 0x0007e000, Load base: 0x0007e000, Size: 0x00001000, Max: 0x00001000, ABSOLUTE, UNINIT)

    Exec Addr    Load Addr    Size         Type   Attr      Idx    E Section Name        Object

    0x0007e000        -       0x00001000   Zero   RW          983    .ARM.__AT_0x0007E000  nrf_dfu_settings.o



  Load Region LR$$.ARM.__AT_0x0007F000 (Base: 0x0007f000, Size: 0x00000000, Max: 0x00001000, ABSOLUTE)

    Execution Region ER$$.ARM.__AT_0x0007F000 (Exec base: 0x0007f000, Load base: 0x0007f000, Size: 0x00001000, Max: 0x00001000, ABSOLUTE, UNINIT)

    Exec Addr    Load Addr    Size         Type   Attr      Idx    E Section Name        Object

    0x0007f000        -       0x00001000   Zero   RW          984    .ARM.__AT_0x0007F000  nrf_dfu_settings.o



  Load Region LR$$.ARM.__AT_0x10001014 (Base: 0x10001014, Size: 0x00000004, Max: 0x00000004, ABSOLUTE)

    Execution Region ER$$.ARM.__AT_0x10001014 (Exec base: 0x10001014, Load base: 0x10001014, Size: 0x00000004, Max: 0x00000004, ABSOLUTE, UNINIT)

    Exec Addr    Load Addr    Size         Type   Attr      Idx    E Section Name        Object

    0x10001014   0x10001014   0x00000004   Data   RW          695    .ARM.__AT_0x10001014  nrf_bootloader_info.o



  Load Region LR$$.ARM.__AT_0x10001018 (Base: 0x10001018, Size: 0x00000004, Max: 0x00000004, ABSOLUTE)

    Execution Region ER$$.ARM.__AT_0x10001018 (Exec base: 0x10001018, Load base: 0x10001018, Size: 0x00000004, Max: 0x00000004, ABSOLUTE, UNINIT)

    Exec Addr    Load Addr    Size         Type   Attr      Idx    E Section Name        Object

    0x10001018   0x10001018   0x00000004   Data   RO          985    .ARM.__AT_0x10001018  nrf_dfu_settings.o


==============================================================================

Image component sizes


      Code (inc. data)   RO Data    RW Data    ZI Data      Debug   Object Name

        48         10          0          0          0        682   app_error_weak.o
       268         16          0         16          0       4279   app_scheduler.o
      1650        122          0         20        268      48843   app_timer.o
       124         14          0          0         12       9614   app_util_platform.o
        36          8        512          0       8192        868   arm_startup_nrf52.o
         8          0          0          0          0      46710   ble_srv_common.o
         0          0          0          0          0       1696   boards.o
        60          6          0          0          0       1316   crc32.o
         0          0        313          0          0       8568   dfu-cc.pb.o
      2148        170         12         56        988      26379   dfu_req_handling.o
       134          0          0          0          0       6989   hal_gpio.o
        70         10          0          0          0      65600   main.o
       158          0          0          0          0      24211   micro_ecc_lib_ecdsa.o
      2258        136         56         12         68      72266   nrf_ble_dfu.o
        20          0          0          0          0       1562   nrf_bootloader.o
        46          0          0          0          0        727   nrf_bootloader_app_start.o
        64          2          0          0          0        528   nrf_bootloader_app_start_asm.o
         0          0          0          4          0        302   nrf_bootloader_info.o
         0          0          0          0          0       3868   nrf_crypto_ecdh.o
       120         10          0          0          0       1445   nrf_crypto_ecdsa.o
        46          8          0          0          0       1779   nrf_crypto_hash.o
       250          6          8          0          0       8521   nrf_crypto_sw_hash.o
       268         30          4          0        304      10803   nrf_dfu.o
       124         36          0         24          0       8127   nrf_dfu_flash.o
        28         10          0          1          0       2796   nrf_dfu_handling_error.o
       110         14         64          0          0       5000   nrf_dfu_mbr.o
       336         48          4          0       9072       6629   nrf_dfu_settings.o
       118         16         12          0          0       3307   nrf_dfu_svci_handler.o
        88         18          0          0          0       3052   nrf_dfu_transport.o
       820         72          4          0         32       9681   nrf_dfu_utils.o
       654         68         16          0         20      48832   nrf_drv_clock.o
        80          0          0          0          0      32906   nrf_drv_common.o
       232          0          0          0          0       4621   nrf_fstorage.o
       238         26         32          2          0       7424   nrf_fstorage_nvmc.o
       766         60         56          8        232      11411   nrf_fstorage_sd.o
       108         18          0          0          0       1821   nrf_nvmc.o
       584         66         88          3          0      43496   nrf_sdh.o
       104         10         52          0          0       5334   nrf_sdh_ble.o
        60          4         36          0          0       2064   nrf_sdh_soc.o
        78          0          0          0          0       2400   nrf_section_iter.o
       112         10          0          0          0       2289   nrf_svc_handler.o
       208          0          0          0          0       3084   pb_common.o
      2320         14         36          0          0      25706   pb_decode.o
         0          0         64          0          0        637   public_key.o
       740         40        256          0          0       6188   sha256.o
       784         70          0          4          0       2819   system_nrf52.o

    ----------------------------------------------------------------------
     16498       1148       1660        156      19192     587180   Object Totals
         0          0         32          0          0          0   (incl. Generated)
        30          0          3          6          4          0   (incl. Padding)

    ----------------------------------------------------------------------

      Code (inc. data)   RO Data    RW Data    ZI Data      Debug   Library Member Name

         0          0          0          0          0          0   entry.o
         0          0          0          0          0          0   entry10a.o
         0          0          0          0          0          0   entry11a.o
         8          4          0          0          0          0   entry2.o
         4          0          0          0          0          0   entry5.o
         0          0          0          0          0          0   entry7b.o
         0          0          0          0          0          0   entry8b.o
         8          4          0          0          0          0   entry9a.o
        30          0          0          0          0          0   handlers.o
        36          8          0          0          0         68   init.o
        30          0          0          0          0         68   llshl.o
        26          0          0          0          0         80   memcmp.o
        36          0          0          0          0         68   memcpya.o
        36          0          0          0          0        108   memseta.o
      4732         12        176          0          0      44086   uECC.c.o

    ----------------------------------------------------------------------
      4958         28        176          0          0      44478   Library Totals
        12          0          0          0          0          0   (incl. Padding)

    ----------------------------------------------------------------------

      Code (inc. data)   RO Data    RW Data    ZI Data      Debug   Library Name

       214         16          0          0          0        392   mc_w.l
      4732         12        176          0          0      44086   micro_ecc_lib_nrf52.lib

    ----------------------------------------------------------------------
      4958         28        176          0          0      44478   Library Totals

    ----------------------------------------------------------------------

==============================================================================


      Code (inc. data)   RO Data    RW Data    ZI Data      Debug   

     21456       1176       1836        156      19192     610806   Grand Totals
     21456       1176       1836        156      19192     610806   ELF Image Totals
     21456       1176       1836        156          0          0   ROM Totals

==============================================================================

    Total RO  Size (Code + RO Data)                23292 (  22.75kB)
    Total RW  Size (RW Data + ZI Data)             19348 (  18.89kB)
    Total ROM Size (Code + RO Data + RW Data)      23448 (  22.90kB)

==============================================================================

